<?xml version="1.0" encoding="utf-8"?>
<test-run id="2" testcasecount="227" result="Failed(Child)" total="227" passed="226" failed="1" inconclusive="0" skipped="0" asserts="0" engine-version="3.5.0.0" clr-version="4.0.30319.42000" start-time="2025-10-01 07:16:51Z" end-time="2025-10-01 07:16:52Z" duration="0.9261601">
  <test-suite type="TestSuite" id="1000" name="LogSmith" fullname="LogSmith" runstate="Runnable" testcasecount="227" result="Failed" site="Child" start-time="2025-10-01 07:16:51Z" end-time="2025-10-01 07:16:52Z" duration="0.926160" total="227" passed="226" failed="1" inconclusive="0" skipped="0" asserts="0">
    <properties>
      <property name="platform" value="EditMode" />
    </properties>
    <failure>
      <message><![CDATA[One or more child tests had errors]]></message>
    </failure>
    <test-suite type="Assembly" id="1241" name="IrsikSoftware.LogSmith.Tests.dll" fullname="c:/Code/LogSmith/Library/ScriptAssemblies/IrsikSoftware.LogSmith.Tests.dll" runstate="Runnable" testcasecount="227" result="Failed" site="Child" start-time="2025-10-01 07:16:51Z" end-time="2025-10-01 07:16:52Z" duration="0.911607" total="227" passed="226" failed="1" inconclusive="0" skipped="0" asserts="0">
      <properties>
        <property name="_PID" value="35428" />
        <property name="_APPDOMAIN" value="Unity Child Domain" />
        <property name="platform" value="EditMode" />
        <property name="EditorOnly" value="True" />
      </properties>
      <failure>
        <message><![CDATA[One or more child tests had errors]]></message>
      </failure>
      <test-suite type="TestSuite" id="1242" name="IrsikSoftware" fullname="IrsikSoftware" runstate="Runnable" testcasecount="227" result="Failed" site="Child" start-time="2025-10-01 07:16:51Z" end-time="2025-10-01 07:16:52Z" duration="0.906489" total="227" passed="226" failed="1" inconclusive="0" skipped="0" asserts="0">
        <properties />
        <failure>
          <message><![CDATA[One or more child tests had errors]]></message>
        </failure>
        <test-suite type="TestSuite" id="1243" name="LogSmith" fullname="IrsikSoftware.LogSmith" runstate="Runnable" testcasecount="227" result="Failed" site="Child" start-time="2025-10-01 07:16:51Z" end-time="2025-10-01 07:16:52Z" duration="0.901080" total="227" passed="226" failed="1" inconclusive="0" skipped="0" asserts="0">
          <properties />
          <failure>
            <message><![CDATA[One or more child tests had errors]]></message>
          </failure>
          <test-suite type="TestSuite" id="1244" name="Tests" fullname="IrsikSoftware.LogSmith.Tests" runstate="Runnable" testcasecount="227" result="Failed" site="Child" start-time="2025-10-01 07:16:51Z" end-time="2025-10-01 07:16:52Z" duration="0.896461" total="227" passed="226" failed="1" inconclusive="0" skipped="0" asserts="0">
            <properties />
            <failure>
              <message><![CDATA[One or more child tests had errors]]></message>
            </failure>
            <test-suite type="TestFixture" id="1001" name="CategoryRegistryTests" fullname="IrsikSoftware.LogSmith.Tests.CategoryRegistryTests" classname="IrsikSoftware.LogSmith.Tests.CategoryRegistryTests" runstate="Runnable" testcasecount="17" result="Passed" start-time="2025-10-01 07:16:51Z" end-time="2025-10-01 07:16:51Z" duration="0.044954" total="17" passed="17" failed="0" inconclusive="0" skipped="0" asserts="0">
              <properties />
              <test-case id="1015" name="GetCategories_ReturnsAllRegisteredCategories" fullname="IrsikSoftware.LogSmith.Tests.CategoryRegistryTests.GetCategories_ReturnsAllRegisteredCategories" methodname="GetCategories_ReturnsAllRegisteredCategories" classname="IrsikSoftware.LogSmith.Tests.CategoryRegistryTests" runstate="Runnable" seed="1397671137" result="Passed" start-time="2025-10-01 07:16:51Z" end-time="2025-10-01 07:16:51Z" duration="0.016033" asserts="0">
                <properties>
                  <property name="retryIteration" value="0" />
                  <property name="repeatIteration" value="0" />
                </properties>
              </test-case>
              <test-case id="1012" name="GetColor_ReturnsDefaultForUnregisteredCategory" fullname="IrsikSoftware.LogSmith.Tests.CategoryRegistryTests.GetColor_ReturnsDefaultForUnregisteredCategory" methodname="GetColor_ReturnsDefaultForUnregisteredCategory" classname="IrsikSoftware.LogSmith.Tests.CategoryRegistryTests" runstate="Runnable" seed="1158491436" result="Passed" start-time="2025-10-01 07:16:51Z" end-time="2025-10-01 07:16:51Z" duration="0.001873" asserts="0">
                <properties>
                  <property name="retryIteration" value="0" />
                  <property name="repeatIteration" value="0" />
                </properties>
              </test-case>
              <test-case id="1013" name="GetMetadata_ReturnsCompleteMetadata" fullname="IrsikSoftware.LogSmith.Tests.CategoryRegistryTests.GetMetadata_ReturnsCompleteMetadata" methodname="GetMetadata_ReturnsCompleteMetadata" classname="IrsikSoftware.LogSmith.Tests.CategoryRegistryTests" runstate="Runnable" seed="500215037" result="Passed" start-time="2025-10-01 07:16:51Z" end-time="2025-10-01 07:16:51Z" duration="0.000764" asserts="0">
                <properties>
                  <property name="retryIteration" value="0" />
                  <property name="repeatIteration" value="0" />
                </properties>
              </test-case>
              <test-case id="1014" name="GetMetadata_ReturnsDefaultForUnregisteredCategory" fullname="IrsikSoftware.LogSmith.Tests.CategoryRegistryTests.GetMetadata_ReturnsDefaultForUnregisteredCategory" methodname="GetMetadata_ReturnsDefaultForUnregisteredCategory" classname="IrsikSoftware.LogSmith.Tests.CategoryRegistryTests" runstate="Runnable" seed="1836431600" result="Passed" start-time="2025-10-01 07:16:51Z" end-time="2025-10-01 07:16:51Z" duration="0.000312" asserts="0">
                <properties>
                  <property name="retryIteration" value="0" />
                  <property name="repeatIteration" value="0" />
                </properties>
              </test-case>
              <test-case id="1008" name="GetMinimumLevel_ReturnsDefaultForUnregisteredCategory" fullname="IrsikSoftware.LogSmith.Tests.CategoryRegistryTests.GetMinimumLevel_ReturnsDefaultForUnregisteredCategory" methodname="GetMinimumLevel_ReturnsDefaultForUnregisteredCategory" classname="IrsikSoftware.LogSmith.Tests.CategoryRegistryTests" runstate="Runnable" seed="324412406" result="Passed" start-time="2025-10-01 07:16:51Z" end-time="2025-10-01 07:16:51Z" duration="0.000238" asserts="0">
                <properties>
                  <property name="retryIteration" value="0" />
                  <property name="repeatIteration" value="0" />
                </properties>
              </test-case>
              <test-case id="1016" name="HasCategory_ReturnsFalseForNullOrEmpty" fullname="IrsikSoftware.LogSmith.Tests.CategoryRegistryTests.HasCategory_ReturnsFalseForNullOrEmpty" methodname="HasCategory_ReturnsFalseForNullOrEmpty" classname="IrsikSoftware.LogSmith.Tests.CategoryRegistryTests" runstate="Runnable" seed="1870040987" result="Passed" start-time="2025-10-01 07:16:51Z" end-time="2025-10-01 07:16:51Z" duration="0.000219" asserts="0">
                <properties>
                  <property name="retryIteration" value="0" />
                  <property name="repeatIteration" value="0" />
                </properties>
              </test-case>
              <test-case id="1010" name="IsEnabled_ReturnsTrueForUnregisteredCategory" fullname="IrsikSoftware.LogSmith.Tests.CategoryRegistryTests.IsEnabled_ReturnsTrueForUnregisteredCategory" methodname="IsEnabled_ReturnsTrueForUnregisteredCategory" classname="IrsikSoftware.LogSmith.Tests.CategoryRegistryTests" runstate="Runnable" seed="868097197" result="Passed" start-time="2025-10-01 07:16:51Z" end-time="2025-10-01 07:16:51Z" duration="0.000217" asserts="0">
                <properties>
                  <property name="retryIteration" value="0" />
                  <property name="repeatIteration" value="0" />
                </properties>
              </test-case>
              <test-case id="1002" name="RegisterCategory_SimpleOverload_RegistersWithDefaultSettings" fullname="IrsikSoftware.LogSmith.Tests.CategoryRegistryTests.RegisterCategory_SimpleOverload_RegistersWithDefaultSettings" methodname="RegisterCategory_SimpleOverload_RegistersWithDefaultSettings" classname="IrsikSoftware.LogSmith.Tests.CategoryRegistryTests" runstate="Runnable" seed="416789307" result="Passed" start-time="2025-10-01 07:16:51Z" end-time="2025-10-01 07:16:51Z" duration="0.000209" asserts="0">
                <properties>
                  <property name="retryIteration" value="0" />
                  <property name="repeatIteration" value="0" />
                </properties>
              </test-case>
              <test-case id="1017" name="RegisterCategory_ThrowsForNullOrEmpty" fullname="IrsikSoftware.LogSmith.Tests.CategoryRegistryTests.RegisterCategory_ThrowsForNullOrEmpty" methodname="RegisterCategory_ThrowsForNullOrEmpty" classname="IrsikSoftware.LogSmith.Tests.CategoryRegistryTests" runstate="Runnable" seed="128965348" result="Passed" start-time="2025-10-01 07:16:51Z" end-time="2025-10-01 07:16:51Z" duration="0.002372" asserts="0">
                <properties>
                  <property name="retryIteration" value="0" />
                  <property name="repeatIteration" value="0" />
                </properties>
              </test-case>
              <test-case id="1003" name="RegisterCategory_WithMetadata_RegistersAllProperties" fullname="IrsikSoftware.LogSmith.Tests.CategoryRegistryTests.RegisterCategory_WithMetadata_RegistersAllProperties" methodname="RegisterCategory_WithMetadata_RegistersAllProperties" classname="IrsikSoftware.LogSmith.Tests.CategoryRegistryTests" runstate="Runnable" seed="1062077381" result="Passed" start-time="2025-10-01 07:16:51Z" end-time="2025-10-01 07:16:51Z" duration="0.000297" asserts="0">
                <properties>
                  <property name="retryIteration" value="0" />
                  <property name="repeatIteration" value="0" />
                </properties>
              </test-case>
              <test-case id="1005" name="RenameCategory_PreservesMetadata" fullname="IrsikSoftware.LogSmith.Tests.CategoryRegistryTests.RenameCategory_PreservesMetadata" methodname="RenameCategory_PreservesMetadata" classname="IrsikSoftware.LogSmith.Tests.CategoryRegistryTests" runstate="Runnable" seed="1668006070" result="Passed" start-time="2025-10-01 07:16:51Z" end-time="2025-10-01 07:16:51Z" duration="0.000649" asserts="0">
                <properties>
                  <property name="retryIteration" value="0" />
                  <property name="repeatIteration" value="0" />
                </properties>
              </test-case>
              <test-case id="1011" name="SetColor_UpdatesColor" fullname="IrsikSoftware.LogSmith.Tests.CategoryRegistryTests.SetColor_UpdatesColor" methodname="SetColor_UpdatesColor" classname="IrsikSoftware.LogSmith.Tests.CategoryRegistryTests" runstate="Runnable" seed="1160137028" result="Passed" start-time="2025-10-01 07:16:51Z" end-time="2025-10-01 07:16:51Z" duration="0.000300" asserts="0">
                <properties>
                  <property name="retryIteration" value="0" />
                  <property name="repeatIteration" value="0" />
                </properties>
              </test-case>
              <test-case id="1009" name="SetEnabled_UpdatesEnabledState" fullname="IrsikSoftware.LogSmith.Tests.CategoryRegistryTests.SetEnabled_UpdatesEnabledState" methodname="SetEnabled_UpdatesEnabledState" classname="IrsikSoftware.LogSmith.Tests.CategoryRegistryTests" runstate="Runnable" seed="1243173905" result="Passed" start-time="2025-10-01 07:16:51Z" end-time="2025-10-01 07:16:51Z" duration="0.000269" asserts="0">
                <properties>
                  <property name="retryIteration" value="0" />
                  <property name="repeatIteration" value="0" />
                </properties>
              </test-case>
              <test-case id="1007" name="SetMinimumLevel_AutoRegistersNewCategory" fullname="IrsikSoftware.LogSmith.Tests.CategoryRegistryTests.SetMinimumLevel_AutoRegistersNewCategory" methodname="SetMinimumLevel_AutoRegistersNewCategory" classname="IrsikSoftware.LogSmith.Tests.CategoryRegistryTests" runstate="Runnable" seed="1067396598" result="Passed" start-time="2025-10-01 07:16:51Z" end-time="2025-10-01 07:16:51Z" duration="0.000268" asserts="0">
                <properties>
                  <property name="retryIteration" value="0" />
                  <property name="repeatIteration" value="0" />
                </properties>
              </test-case>
              <test-case id="1006" name="SetMinimumLevel_UpdatesExistingCategory" fullname="IrsikSoftware.LogSmith.Tests.CategoryRegistryTests.SetMinimumLevel_UpdatesExistingCategory" methodname="SetMinimumLevel_UpdatesExistingCategory" classname="IrsikSoftware.LogSmith.Tests.CategoryRegistryTests" runstate="Runnable" seed="1211374128" result="Passed" start-time="2025-10-01 07:16:51Z" end-time="2025-10-01 07:16:51Z" duration="0.000141" asserts="0">
                <properties>
                  <property name="retryIteration" value="0" />
                  <property name="repeatIteration" value="0" />
                </properties>
              </test-case>
              <test-case id="1018" name="ThreadSafety_ConcurrentAccess_DoesNotThrow" fullname="IrsikSoftware.LogSmith.Tests.CategoryRegistryTests.ThreadSafety_ConcurrentAccess_DoesNotThrow" methodname="ThreadSafety_ConcurrentAccess_DoesNotThrow" classname="IrsikSoftware.LogSmith.Tests.CategoryRegistryTests" runstate="Runnable" seed="820166532" result="Passed" start-time="2025-10-01 07:16:51Z" end-time="2025-10-01 07:16:51Z" duration="0.005262" asserts="0">
                <properties>
                  <property name="retryIteration" value="0" />
                  <property name="repeatIteration" value="0" />
                </properties>
              </test-case>
              <test-case id="1004" name="UnregisterCategory_RemovesCategory" fullname="IrsikSoftware.LogSmith.Tests.CategoryRegistryTests.UnregisterCategory_RemovesCategory" methodname="UnregisterCategory_RemovesCategory" classname="IrsikSoftware.LogSmith.Tests.CategoryRegistryTests" runstate="Runnable" seed="2121740687" result="Passed" start-time="2025-10-01 07:16:51Z" end-time="2025-10-01 07:16:51Z" duration="0.000256" asserts="0">
                <properties>
                  <property name="retryIteration" value="0" />
                  <property name="repeatIteration" value="0" />
                </properties>
              </test-case>
            </test-suite>
            <test-suite type="TestFixture" id="1019" name="LogRouterCategoryIntegrationTests" fullname="IrsikSoftware.LogSmith.Tests.LogRouterCategoryIntegrationTests" classname="IrsikSoftware.LogSmith.Tests.LogRouterCategoryIntegrationTests" runstate="Runnable" testcasecount="9" result="Passed" start-time="2025-10-01 07:16:51Z" end-time="2025-10-01 07:16:51Z" duration="0.007263" total="9" passed="9" failed="0" inconclusive="0" skipped="0" asserts="0">
              <properties />
              <test-case id="1023" name="Route_CategoryFilterTakesPrecedenceOverRegistry" fullname="IrsikSoftware.LogSmith.Tests.LogRouterCategoryIntegrationTests.Route_CategoryFilterTakesPrecedenceOverRegistry" methodname="Route_CategoryFilterTakesPrecedenceOverRegistry" classname="IrsikSoftware.LogSmith.Tests.LogRouterCategoryIntegrationTests" runstate="Runnable" seed="974138429" result="Passed" start-time="2025-10-01 07:16:51Z" end-time="2025-10-01 07:16:51Z" duration="0.002969" asserts="0">
                <properties>
                  <property name="retryIteration" value="0" />
                  <property name="repeatIteration" value="0" />
                </properties>
              </test-case>
              <test-case id="1020" name="Route_DisabledCategory_FiltersOutMessage" fullname="IrsikSoftware.LogSmith.Tests.LogRouterCategoryIntegrationTests.Route_DisabledCategory_FiltersOutMessage" methodname="Route_DisabledCategory_FiltersOutMessage" classname="IrsikSoftware.LogSmith.Tests.LogRouterCategoryIntegrationTests" runstate="Runnable" seed="346375147" result="Passed" start-time="2025-10-01 07:16:51Z" end-time="2025-10-01 07:16:51Z" duration="0.000237" asserts="0">
                <properties>
                  <property name="retryIteration" value="0" />
                  <property name="repeatIteration" value="0" />
                </properties>
              </test-case>
              <test-case id="1026" name="Route_DynamicallyChangeMinimumLevel_FiltersAccordingly" fullname="IrsikSoftware.LogSmith.Tests.LogRouterCategoryIntegrationTests.Route_DynamicallyChangeMinimumLevel_FiltersAccordingly" methodname="Route_DynamicallyChangeMinimumLevel_FiltersAccordingly" classname="IrsikSoftware.LogSmith.Tests.LogRouterCategoryIntegrationTests" runstate="Runnable" seed="1611082434" result="Passed" start-time="2025-10-01 07:16:51Z" end-time="2025-10-01 07:16:51Z" duration="0.000338" asserts="0">
                <properties>
                  <property name="retryIteration" value="0" />
                  <property name="repeatIteration" value="0" />
                </properties>
              </test-case>
              <test-case id="1025" name="Route_DynamicallyDisableCategory_FiltersSubsequentMessages" fullname="IrsikSoftware.LogSmith.Tests.LogRouterCategoryIntegrationTests.Route_DynamicallyDisableCategory_FiltersSubsequentMessages" methodname="Route_DynamicallyDisableCategory_FiltersSubsequentMessages" classname="IrsikSoftware.LogSmith.Tests.LogRouterCategoryIntegrationTests" runstate="Runnable" seed="706284783" result="Passed" start-time="2025-10-01 07:16:51Z" end-time="2025-10-01 07:16:51Z" duration="0.000279" asserts="0">
                <properties>
                  <property name="retryIteration" value="0" />
                  <property name="repeatIteration" value="0" />
                </properties>
              </test-case>
              <test-case id="1021" name="Route_EnabledCategory_AllowsMessage" fullname="IrsikSoftware.LogSmith.Tests.LogRouterCategoryIntegrationTests.Route_EnabledCategory_AllowsMessage" methodname="Route_EnabledCategory_AllowsMessage" classname="IrsikSoftware.LogSmith.Tests.LogRouterCategoryIntegrationTests" runstate="Runnable" seed="1938717901" result="Passed" start-time="2025-10-01 07:16:51Z" end-time="2025-10-01 07:16:51Z" duration="0.000222" asserts="0">
                <properties>
                  <property name="retryIteration" value="0" />
                  <property name="repeatIteration" value="0" />
                </properties>
              </test-case>
              <test-case id="1027" name="Route_EnabledStateCheckHappensFirmst_BeforeMinimumLevel" fullname="IrsikSoftware.LogSmith.Tests.LogRouterCategoryIntegrationTests.Route_EnabledStateCheckHappensFirmst_BeforeMinimumLevel" methodname="Route_EnabledStateCheckHappensFirmst_BeforeMinimumLevel" classname="IrsikSoftware.LogSmith.Tests.LogRouterCategoryIntegrationTests" runstate="Runnable" seed="407201278" result="Passed" start-time="2025-10-01 07:16:51Z" end-time="2025-10-01 07:16:51Z" duration="0.000207" asserts="0">
                <properties>
                  <property name="retryIteration" value="0" />
                  <property name="repeatIteration" value="0" />
                </properties>
              </test-case>
              <test-case id="1022" name="Route_RespectsRegistryMinimumLevel" fullname="IrsikSoftware.LogSmith.Tests.LogRouterCategoryIntegrationTests.Route_RespectsRegistryMinimumLevel" methodname="Route_RespectsRegistryMinimumLevel" classname="IrsikSoftware.LogSmith.Tests.LogRouterCategoryIntegrationTests" runstate="Runnable" seed="864741043" result="Passed" start-time="2025-10-01 07:16:51Z" end-time="2025-10-01 07:16:51Z" duration="0.000261" asserts="0">
                <properties>
                  <property name="retryIteration" value="0" />
                  <property name="repeatIteration" value="0" />
                </properties>
              </test-case>
              <test-case id="1024" name="Route_UnregisteredCategory_UsesGlobalMinimum" fullname="IrsikSoftware.LogSmith.Tests.LogRouterCategoryIntegrationTests.Route_UnregisteredCategory_UsesGlobalMinimum" methodname="Route_UnregisteredCategory_UsesGlobalMinimum" classname="IrsikSoftware.LogSmith.Tests.LogRouterCategoryIntegrationTests" runstate="Runnable" seed="1587139964" result="Passed" start-time="2025-10-01 07:16:51Z" end-time="2025-10-01 07:16:51Z" duration="0.000347" asserts="0">
                <properties>
                  <property name="retryIteration" value="0" />
                  <property name="repeatIteration" value="0" />
                </properties>
              </test-case>
              <test-case id="1028" name="Route_WithoutCategoryRegistry_WorksNormally" fullname="IrsikSoftware.LogSmith.Tests.LogRouterCategoryIntegrationTests.Route_WithoutCategoryRegistry_WorksNormally" methodname="Route_WithoutCategoryRegistry_WorksNormally" classname="IrsikSoftware.LogSmith.Tests.LogRouterCategoryIntegrationTests" runstate="Runnable" seed="1559836334" result="Passed" start-time="2025-10-01 07:16:51Z" end-time="2025-10-01 07:16:51Z" duration="0.000247" asserts="0">
                <properties>
                  <property name="retryIteration" value="0" />
                  <property name="repeatIteration" value="0" />
                </properties>
              </test-case>
            </test-suite>
            <test-suite type="TestFixture" id="1029" name="MessageTemplateEngineTests" fullname="IrsikSoftware.LogSmith.Tests.MessageTemplateEngineTests" classname="IrsikSoftware.LogSmith.Tests.MessageTemplateEngineTests" runstate="Runnable" testcasecount="22" result="Failed" site="Child" start-time="2025-10-01 07:16:51Z" end-time="2025-10-01 07:16:51Z" duration="0.020273" total="22" passed="21" failed="1" inconclusive="0" skipped="0" asserts="0">
              <properties />
              <failure>
                <message><![CDATA[One or more child tests had errors]]></message>
              </failure>
              <test-case id="1030" name="Format_AllStandardTokens_ReplacedCorrectly" fullname="IrsikSoftware.LogSmith.Tests.MessageTemplateEngineTests.Format_AllStandardTokens_ReplacedCorrectly" methodname="Format_AllStandardTokens_ReplacedCorrectly" classname="IrsikSoftware.LogSmith.Tests.MessageTemplateEngineTests" runstate="Runnable" seed="836432734" result="Passed" start-time="2025-10-01 07:16:51Z" end-time="2025-10-01 07:16:51Z" duration="0.002298" asserts="0">
                <properties>
                  <property name="retryIteration" value="0" />
                  <property name="repeatIteration" value="0" />
                </properties>
              </test-case>
              <test-case id="1040" name="Format_CaseSensitiveTokens_HandledCorrectly" fullname="IrsikSoftware.LogSmith.Tests.MessageTemplateEngineTests.Format_CaseSensitiveTokens_HandledCorrectly" methodname="Format_CaseSensitiveTokens_HandledCorrectly" classname="IrsikSoftware.LogSmith.Tests.MessageTemplateEngineTests" runstate="Runnable" seed="983109361" result="Passed" start-time="2025-10-01 07:16:51Z" end-time="2025-10-01 07:16:51Z" duration="0.000167" asserts="0">
                <properties>
                  <property name="retryIteration" value="0" />
                  <property name="repeatIteration" value="0" />
                </properties>
              </test-case>
              <test-case id="1050" name="Format_ComplexTemplate_AllTokensReplaced" fullname="IrsikSoftware.LogSmith.Tests.MessageTemplateEngineTests.Format_ComplexTemplate_AllTokensReplaced" methodname="Format_ComplexTemplate_AllTokensReplaced" classname="IrsikSoftware.LogSmith.Tests.MessageTemplateEngineTests" runstate="Runnable" seed="1395894114" result="Passed" start-time="2025-10-01 07:16:51Z" end-time="2025-10-01 07:16:51Z" duration="0.002713" asserts="0">
                <properties>
                  <property name="retryIteration" value="0" />
                  <property name="repeatIteration" value="0" />
                </properties>
              </test-case>
              <test-case id="1036" name="Format_ContextKeyAsToken_ResolvesFromDictionary" fullname="IrsikSoftware.LogSmith.Tests.MessageTemplateEngineTests.Format_ContextKeyAsToken_ResolvesFromDictionary" methodname="Format_ContextKeyAsToken_ResolvesFromDictionary" classname="IrsikSoftware.LogSmith.Tests.MessageTemplateEngineTests" runstate="Runnable" seed="630224238" result="Passed" start-time="2025-10-01 07:16:51Z" end-time="2025-10-01 07:16:51Z" duration="0.000162" asserts="0">
                <properties>
                  <property name="retryIteration" value="0" />
                  <property name="repeatIteration" value="0" />
                </properties>
              </test-case>
              <test-case id="1035" name="Format_ContextToken_FormatsAllKeyValuePairs" fullname="IrsikSoftware.LogSmith.Tests.MessageTemplateEngineTests.Format_ContextToken_FormatsAllKeyValuePairs" methodname="Format_ContextToken_FormatsAllKeyValuePairs" classname="IrsikSoftware.LogSmith.Tests.MessageTemplateEngineTests" runstate="Runnable" seed="1732772649" result="Passed" start-time="2025-10-01 07:16:51Z" end-time="2025-10-01 07:16:51Z" duration="0.000825" asserts="0">
                <properties>
                  <property name="retryIteration" value="0" />
                  <property name="repeatIteration" value="0" />
                </properties>
              </test-case>
              <test-case id="1038" name="Format_EmptyTemplate_ReturnsEmptyString" fullname="IrsikSoftware.LogSmith.Tests.MessageTemplateEngineTests.Format_EmptyTemplate_ReturnsEmptyString" methodname="Format_EmptyTemplate_ReturnsEmptyString" classname="IrsikSoftware.LogSmith.Tests.MessageTemplateEngineTests" runstate="Runnable" seed="1433292647" result="Failed" label="Error" start-time="2025-10-01 07:16:51Z" end-time="2025-10-01 07:16:51Z" duration="0.003250" asserts="0">
                <properties>
                  <property name="retryIteration" value="0" />
                  <property name="repeatIteration" value="0" />
                </properties>
                <failure>
                  <message><![CDATA[System.ArgumentNullException : Value cannot be null.
Parameter name: template]]></message>
                  <stack-trace><![CDATA[  at IrsikSoftware.LogSmith.Core.MessageTemplateEngine.SetCategoryTemplate (System.String category, System.String template) [0x00050] in C:\Code\LogSmith\Packages\com.irsiksoftware.logsmith\Runtime\Core\MessageTemplateEngine.cs:41 
  at IrsikSoftware.LogSmith.Tests.MessageTemplateEngineTests.Format_EmptyTemplate_ReturnsEmptyString () [0x00000] in C:\Code\LogSmith\Packages\com.irsiksoftware.logsmith\Tests\Runtime\MessageTemplateEngineTests.cs:168 
  at (wrapper managed-to-native) System.Reflection.RuntimeMethodInfo.InternalInvoke(System.Reflection.RuntimeMethodInfo,object,object[],System.Exception&)
  at System.Reflection.RuntimeMethodInfo.Invoke (System.Object obj, System.Reflection.BindingFlags invokeAttr, System.Reflection.Binder binder, System.Object[] parameters, System.Globalization.CultureInfo culture) [0x0006a] in <59bd7c40c082431db25e1e728ab62789>:0 ]]></stack-trace>
                </failure>
              </test-case>
              <test-case id="1043" name="Format_JsonEscaping_HandlesSpecialCharacters" fullname="IrsikSoftware.LogSmith.Tests.MessageTemplateEngineTests.Format_JsonEscaping_HandlesSpecialCharacters" methodname="Format_JsonEscaping_HandlesSpecialCharacters" classname="IrsikSoftware.LogSmith.Tests.MessageTemplateEngineTests" runstate="Runnable" seed="2145960441" result="Passed" start-time="2025-10-01 07:16:51Z" end-time="2025-10-01 07:16:51Z" duration="0.001062" asserts="0">
                <properties>
                  <property name="retryIteration" value="0" />
                  <property name="repeatIteration" value="0" />
                </properties>
              </test-case>
              <test-case id="1041" name="Format_JsonFormat_ProducesValidJson" fullname="IrsikSoftware.LogSmith.Tests.MessageTemplateEngineTests.Format_JsonFormat_ProducesValidJson" methodname="Format_JsonFormat_ProducesValidJson" classname="IrsikSoftware.LogSmith.Tests.MessageTemplateEngineTests" runstate="Runnable" seed="109797268" result="Passed" start-time="2025-10-01 07:16:51Z" end-time="2025-10-01 07:16:51Z" duration="0.000218" asserts="0">
                <properties>
                  <property name="retryIteration" value="0" />
                  <property name="repeatIteration" value="0" />
                </properties>
              </test-case>
              <test-case id="1042" name="Format_JsonWithContext_IncludesContextObject" fullname="IrsikSoftware.LogSmith.Tests.MessageTemplateEngineTests.Format_JsonWithContext_IncludesContextObject" methodname="Format_JsonWithContext_IncludesContextObject" classname="IrsikSoftware.LogSmith.Tests.MessageTemplateEngineTests" runstate="Runnable" seed="682730997" result="Passed" start-time="2025-10-01 07:16:51Z" end-time="2025-10-01 07:16:51Z" duration="0.000189" asserts="0">
                <properties>
                  <property name="retryIteration" value="0" />
                  <property name="repeatIteration" value="0" />
                </properties>
              </test-case>
              <test-case id="1037" name="Format_MalformedToken_ReturnsTokenAsIs" fullname="IrsikSoftware.LogSmith.Tests.MessageTemplateEngineTests.Format_MalformedToken_ReturnsTokenAsIs" methodname="Format_MalformedToken_ReturnsTokenAsIs" classname="IrsikSoftware.LogSmith.Tests.MessageTemplateEngineTests" runstate="Runnable" seed="1354526833" result="Passed" start-time="2025-10-01 07:16:51Z" end-time="2025-10-01 07:16:51Z" duration="0.000172" asserts="0">
                <properties>
                  <property name="retryIteration" value="0" />
                  <property name="repeatIteration" value="0" />
                </properties>
              </test-case>
              <test-case id="1048" name="Format_MemoryToken_ReturnsNumericValue" fullname="IrsikSoftware.LogSmith.Tests.MessageTemplateEngineTests.Format_MemoryToken_ReturnsNumericValue" methodname="Format_MemoryToken_ReturnsNumericValue" classname="IrsikSoftware.LogSmith.Tests.MessageTemplateEngineTests" runstate="Runnable" seed="219450295" result="Passed" start-time="2025-10-01 07:16:51Z" end-time="2025-10-01 07:16:51Z" duration="0.001155" asserts="0">
                <properties>
                  <property name="retryIteration" value="0" />
                  <property name="repeatIteration" value="0" />
                </properties>
              </test-case>
              <test-case id="1051" name="Format_MultipleCategories_MaintainsSeparateTemplates" fullname="IrsikSoftware.LogSmith.Tests.MessageTemplateEngineTests.Format_MultipleCategories_MaintainsSeparateTemplates" methodname="Format_MultipleCategories_MaintainsSeparateTemplates" classname="IrsikSoftware.LogSmith.Tests.MessageTemplateEngineTests" runstate="Runnable" seed="374940217" result="Passed" start-time="2025-10-01 07:16:51Z" end-time="2025-10-01 07:16:51Z" duration="0.000225" asserts="0">
                <properties>
                  <property name="retryIteration" value="0" />
                  <property name="repeatIteration" value="0" />
                </properties>
              </test-case>
              <test-case id="1039" name="Format_NoTemplate_UsesDefault" fullname="IrsikSoftware.LogSmith.Tests.MessageTemplateEngineTests.Format_NoTemplate_UsesDefault" methodname="Format_NoTemplate_UsesDefault" classname="IrsikSoftware.LogSmith.Tests.MessageTemplateEngineTests" runstate="Runnable" seed="94612665" result="Passed" start-time="2025-10-01 07:16:51Z" end-time="2025-10-01 07:16:51Z" duration="0.000184" asserts="0">
                <properties>
                  <property name="retryIteration" value="0" />
                  <property name="repeatIteration" value="0" />
                </properties>
              </test-case>
              <test-case id="1044" name="Format_OptionalFields_OmittedWhenEmpty" fullname="IrsikSoftware.LogSmith.Tests.MessageTemplateEngineTests.Format_OptionalFields_OmittedWhenEmpty" methodname="Format_OptionalFields_OmittedWhenEmpty" classname="IrsikSoftware.LogSmith.Tests.MessageTemplateEngineTests" runstate="Runnable" seed="650042228" result="Passed" start-time="2025-10-01 07:16:51Z" end-time="2025-10-01 07:16:51Z" duration="0.002172" asserts="0">
                <properties>
                  <property name="retryIteration" value="0" />
                  <property name="repeatIteration" value="0" />
                </properties>
              </test-case>
              <test-case id="1049" name="Format_StackToken_ReturnsStackTrace" fullname="IrsikSoftware.LogSmith.Tests.MessageTemplateEngineTests.Format_StackToken_ReturnsStackTrace" methodname="Format_StackToken_ReturnsStackTrace" classname="IrsikSoftware.LogSmith.Tests.MessageTemplateEngineTests" runstate="Runnable" seed="317022503" result="Passed" start-time="2025-10-01 07:16:51Z" end-time="2025-10-01 07:16:51Z" duration="0.000207" asserts="0">
                <properties>
                  <property name="retryIteration" value="0" />
                  <property name="repeatIteration" value="0" />
                </properties>
              </test-case>
              <test-case id="1033" name="Format_ThreadToken_CombinesNameAndId" fullname="IrsikSoftware.LogSmith.Tests.MessageTemplateEngineTests.Format_ThreadToken_CombinesNameAndId" methodname="Format_ThreadToken_CombinesNameAndId" classname="IrsikSoftware.LogSmith.Tests.MessageTemplateEngineTests" runstate="Runnable" seed="1780634646" result="Passed" start-time="2025-10-01 07:16:51Z" end-time="2025-10-01 07:16:51Z" duration="0.000184" asserts="0">
                <properties>
                  <property name="retryIteration" value="0" />
                  <property name="repeatIteration" value="0" />
                </properties>
              </test-case>
              <test-case id="1034" name="Format_ThreadTokenNoName_ShowsIdOnly" fullname="IrsikSoftware.LogSmith.Tests.MessageTemplateEngineTests.Format_ThreadTokenNoName_ShowsIdOnly" methodname="Format_ThreadTokenNoName_ShowsIdOnly" classname="IrsikSoftware.LogSmith.Tests.MessageTemplateEngineTests" runstate="Runnable" seed="678340339" result="Passed" start-time="2025-10-01 07:16:51Z" end-time="2025-10-01 07:16:51Z" duration="0.000171" asserts="0">
                <properties>
                  <property name="retryIteration" value="0" />
                  <property name="repeatIteration" value="0" />
                </properties>
              </test-case>
              <test-case id="1031" name="Format_TimestampWithCustomFormat_FormatsCorrectly" fullname="IrsikSoftware.LogSmith.Tests.MessageTemplateEngineTests.Format_TimestampWithCustomFormat_FormatsCorrectly" methodname="Format_TimestampWithCustomFormat_FormatsCorrectly" classname="IrsikSoftware.LogSmith.Tests.MessageTemplateEngineTests" runstate="Runnable" seed="1632912756" result="Passed" start-time="2025-10-01 07:16:51Z" end-time="2025-10-01 07:16:51Z" duration="0.000454" asserts="0">
                <properties>
                  <property name="retryIteration" value="0" />
                  <property name="repeatIteration" value="0" />
                </properties>
              </test-case>
              <test-case id="1032" name="Format_TimestampWithoutFormat_UsesISO8601" fullname="IrsikSoftware.LogSmith.Tests.MessageTemplateEngineTests.Format_TimestampWithoutFormat_UsesISO8601" methodname="Format_TimestampWithoutFormat_UsesISO8601" classname="IrsikSoftware.LogSmith.Tests.MessageTemplateEngineTests" runstate="Runnable" seed="2097661937" result="Passed" start-time="2025-10-01 07:16:51Z" end-time="2025-10-01 07:16:51Z" duration="0.000434" asserts="0">
                <properties>
                  <property name="retryIteration" value="0" />
                  <property name="repeatIteration" value="0" />
                </properties>
              </test-case>
              <test-case id="1047" name="GetCategoryTemplate_ReturnsDefaultForUnsetCategory" fullname="IrsikSoftware.LogSmith.Tests.MessageTemplateEngineTests.GetCategoryTemplate_ReturnsDefaultForUnsetCategory" methodname="GetCategoryTemplate_ReturnsDefaultForUnsetCategory" classname="IrsikSoftware.LogSmith.Tests.MessageTemplateEngineTests" runstate="Runnable" seed="41914884" result="Passed" start-time="2025-10-01 07:16:51Z" end-time="2025-10-01 07:16:51Z" duration="0.000167" asserts="0">
                <properties>
                  <property name="retryIteration" value="0" />
                  <property name="repeatIteration" value="0" />
                </properties>
              </test-case>
              <test-case id="1045" name="SetCategoryTemplate_ThrowsOnNullCategory" fullname="IrsikSoftware.LogSmith.Tests.MessageTemplateEngineTests.SetCategoryTemplate_ThrowsOnNullCategory" methodname="SetCategoryTemplate_ThrowsOnNullCategory" classname="IrsikSoftware.LogSmith.Tests.MessageTemplateEngineTests" runstate="Runnable" seed="1195735942" result="Passed" start-time="2025-10-01 07:16:51Z" end-time="2025-10-01 07:16:51Z" duration="0.000196" asserts="0">
                <properties>
                  <property name="retryIteration" value="0" />
                  <property name="repeatIteration" value="0" />
                </properties>
              </test-case>
              <test-case id="1046" name="SetCategoryTemplate_ThrowsOnNullTemplate" fullname="IrsikSoftware.LogSmith.Tests.MessageTemplateEngineTests.SetCategoryTemplate_ThrowsOnNullTemplate" methodname="SetCategoryTemplate_ThrowsOnNullTemplate" classname="IrsikSoftware.LogSmith.Tests.MessageTemplateEngineTests" runstate="Runnable" seed="121868436" result="Passed" start-time="2025-10-01 07:16:51Z" end-time="2025-10-01 07:16:51Z" duration="0.000194" asserts="0">
                <properties>
                  <property name="retryIteration" value="0" />
                  <property name="repeatIteration" value="0" />
                </properties>
              </test-case>
            </test-suite>
            <test-suite type="TestFixture" id="1052" name="PerCategoryMinLevelMatrixTests" fullname="IrsikSoftware.LogSmith.Tests.PerCategoryMinLevelMatrixTests" classname="IrsikSoftware.LogSmith.Tests.PerCategoryMinLevelMatrixTests" runstate="Runnable" testcasecount="118" result="Passed" start-time="2025-10-01 07:16:51Z" end-time="2025-10-01 07:16:51Z" duration="0.033612" total="118" passed="118" failed="0" inconclusive="0" skipped="0" asserts="0">
              <properties />
              <test-suite type="ParameterizedMethod" id="1126" name="CategoryMinLevel_Matrix_FiltersCorrectly" fullname="IrsikSoftware.LogSmith.Tests.PerCategoryMinLevelMatrixTests.CategoryMinLevel_Matrix_FiltersCorrectly" classname="IrsikSoftware.LogSmith.Tests.PerCategoryMinLevelMatrixTests" runstate="Runnable" testcasecount="36" result="Passed" start-time="2025-10-01 07:16:51Z" end-time="2025-10-01 07:16:51Z" duration="0.008784" total="36" passed="36" failed="0" inconclusive="0" skipped="0" asserts="0">
                <properties />
                <test-case id="1090" name="CategoryMinLevel_Matrix_FiltersCorrectly(Trace,Trace)" fullname="IrsikSoftware.LogSmith.Tests.PerCategoryMinLevelMatrixTests.CategoryMinLevel_Matrix_FiltersCorrectly(Trace,Trace)" methodname="CategoryMinLevel_Matrix_FiltersCorrectly" classname="IrsikSoftware.LogSmith.Tests.PerCategoryMinLevelMatrixTests" runstate="Runnable" seed="962323291" result="Passed" start-time="2025-10-01 07:16:51Z" end-time="2025-10-01 07:16:51Z" duration="0.000603" asserts="0">
                  <properties>
                    <property name="retryIteration" value="0" />
                    <property name="repeatIteration" value="0" />
                  </properties>
                </test-case>
                <test-case id="1091" name="CategoryMinLevel_Matrix_FiltersCorrectly(Trace,Debug)" fullname="IrsikSoftware.LogSmith.Tests.PerCategoryMinLevelMatrixTests.CategoryMinLevel_Matrix_FiltersCorrectly(Trace,Debug)" methodname="CategoryMinLevel_Matrix_FiltersCorrectly" classname="IrsikSoftware.LogSmith.Tests.PerCategoryMinLevelMatrixTests" runstate="Runnable" seed="313016221" result="Passed" start-time="2025-10-01 07:16:51Z" end-time="2025-10-01 07:16:51Z" duration="0.000089" asserts="0">
                  <properties>
                    <property name="retryIteration" value="0" />
                    <property name="repeatIteration" value="0" />
                  </properties>
                </test-case>
                <test-case id="1092" name="CategoryMinLevel_Matrix_FiltersCorrectly(Trace,Info)" fullname="IrsikSoftware.LogSmith.Tests.PerCategoryMinLevelMatrixTests.CategoryMinLevel_Matrix_FiltersCorrectly(Trace,Info)" methodname="CategoryMinLevel_Matrix_FiltersCorrectly" classname="IrsikSoftware.LogSmith.Tests.PerCategoryMinLevelMatrixTests" runstate="Runnable" seed="528218148" result="Passed" start-time="2025-10-01 07:16:51Z" end-time="2025-10-01 07:16:51Z" duration="0.000081" asserts="0">
                  <properties>
                    <property name="retryIteration" value="0" />
                    <property name="repeatIteration" value="0" />
                  </properties>
                </test-case>
                <test-case id="1093" name="CategoryMinLevel_Matrix_FiltersCorrectly(Trace,Warn)" fullname="IrsikSoftware.LogSmith.Tests.PerCategoryMinLevelMatrixTests.CategoryMinLevel_Matrix_FiltersCorrectly(Trace,Warn)" methodname="CategoryMinLevel_Matrix_FiltersCorrectly" classname="IrsikSoftware.LogSmith.Tests.PerCategoryMinLevelMatrixTests" runstate="Runnable" seed="581344416" result="Passed" start-time="2025-10-01 07:16:51Z" end-time="2025-10-01 07:16:51Z" duration="0.000091" asserts="0">
                  <properties>
                    <property name="retryIteration" value="0" />
                    <property name="repeatIteration" value="0" />
                  </properties>
                </test-case>
                <test-case id="1094" name="CategoryMinLevel_Matrix_FiltersCorrectly(Trace,Error)" fullname="IrsikSoftware.LogSmith.Tests.PerCategoryMinLevelMatrixTests.CategoryMinLevel_Matrix_FiltersCorrectly(Trace,Error)" methodname="CategoryMinLevel_Matrix_FiltersCorrectly" classname="IrsikSoftware.LogSmith.Tests.PerCategoryMinLevelMatrixTests" runstate="Runnable" seed="1578185528" result="Passed" start-time="2025-10-01 07:16:51Z" end-time="2025-10-01 07:16:51Z" duration="0.000073" asserts="0">
                  <properties>
                    <property name="retryIteration" value="0" />
                    <property name="repeatIteration" value="0" />
                  </properties>
                </test-case>
                <test-case id="1095" name="CategoryMinLevel_Matrix_FiltersCorrectly(Trace,Critical)" fullname="IrsikSoftware.LogSmith.Tests.PerCategoryMinLevelMatrixTests.CategoryMinLevel_Matrix_FiltersCorrectly(Trace,Critical)" methodname="CategoryMinLevel_Matrix_FiltersCorrectly" classname="IrsikSoftware.LogSmith.Tests.PerCategoryMinLevelMatrixTests" runstate="Runnable" seed="1193313617" result="Passed" start-time="2025-10-01 07:16:51Z" end-time="2025-10-01 07:16:51Z" duration="0.000075" asserts="0">
                  <properties>
                    <property name="retryIteration" value="0" />
                    <property name="repeatIteration" value="0" />
                  </properties>
                </test-case>
                <test-case id="1096" name="CategoryMinLevel_Matrix_FiltersCorrectly(Debug,Trace)" fullname="IrsikSoftware.LogSmith.Tests.PerCategoryMinLevelMatrixTests.CategoryMinLevel_Matrix_FiltersCorrectly(Debug,Trace)" methodname="CategoryMinLevel_Matrix_FiltersCorrectly" classname="IrsikSoftware.LogSmith.Tests.PerCategoryMinLevelMatrixTests" runstate="Runnable" seed="1670878540" result="Passed" start-time="2025-10-01 07:16:51Z" end-time="2025-10-01 07:16:51Z" duration="0.000073" asserts="0">
                  <properties>
                    <property name="retryIteration" value="0" />
                    <property name="repeatIteration" value="0" />
                  </properties>
                </test-case>
                <test-case id="1097" name="CategoryMinLevel_Matrix_FiltersCorrectly(Debug,Debug)" fullname="IrsikSoftware.LogSmith.Tests.PerCategoryMinLevelMatrixTests.CategoryMinLevel_Matrix_FiltersCorrectly(Debug,Debug)" methodname="CategoryMinLevel_Matrix_FiltersCorrectly" classname="IrsikSoftware.LogSmith.Tests.PerCategoryMinLevelMatrixTests" runstate="Runnable" seed="1985731798" result="Passed" start-time="2025-10-01 07:16:51Z" end-time="2025-10-01 07:16:51Z" duration="0.000081" asserts="0">
                  <properties>
                    <property name="retryIteration" value="0" />
                    <property name="repeatIteration" value="0" />
                  </properties>
                </test-case>
                <test-case id="1098" name="CategoryMinLevel_Matrix_FiltersCorrectly(Debug,Info)" fullname="IrsikSoftware.LogSmith.Tests.PerCategoryMinLevelMatrixTests.CategoryMinLevel_Matrix_FiltersCorrectly(Debug,Info)" methodname="CategoryMinLevel_Matrix_FiltersCorrectly" classname="IrsikSoftware.LogSmith.Tests.PerCategoryMinLevelMatrixTests" runstate="Runnable" seed="1567315877" result="Passed" start-time="2025-10-01 07:16:51Z" end-time="2025-10-01 07:16:51Z" duration="0.000098" asserts="0">
                  <properties>
                    <property name="retryIteration" value="0" />
                    <property name="repeatIteration" value="0" />
                  </properties>
                </test-case>
                <test-case id="1099" name="CategoryMinLevel_Matrix_FiltersCorrectly(Debug,Warn)" fullname="IrsikSoftware.LogSmith.Tests.PerCategoryMinLevelMatrixTests.CategoryMinLevel_Matrix_FiltersCorrectly(Debug,Warn)" methodname="CategoryMinLevel_Matrix_FiltersCorrectly" classname="IrsikSoftware.LogSmith.Tests.PerCategoryMinLevelMatrixTests" runstate="Runnable" seed="71940683" result="Passed" start-time="2025-10-01 07:16:51Z" end-time="2025-10-01 07:16:51Z" duration="0.000089" asserts="0">
                  <properties>
                    <property name="retryIteration" value="0" />
                    <property name="repeatIteration" value="0" />
                  </properties>
                </test-case>
                <test-case id="1100" name="CategoryMinLevel_Matrix_FiltersCorrectly(Debug,Error)" fullname="IrsikSoftware.LogSmith.Tests.PerCategoryMinLevelMatrixTests.CategoryMinLevel_Matrix_FiltersCorrectly(Debug,Error)" methodname="CategoryMinLevel_Matrix_FiltersCorrectly" classname="IrsikSoftware.LogSmith.Tests.PerCategoryMinLevelMatrixTests" runstate="Runnable" seed="361455774" result="Passed" start-time="2025-10-01 07:16:51Z" end-time="2025-10-01 07:16:51Z" duration="0.000112" asserts="0">
                  <properties>
                    <property name="retryIteration" value="0" />
                    <property name="repeatIteration" value="0" />
                  </properties>
                </test-case>
                <test-case id="1101" name="CategoryMinLevel_Matrix_FiltersCorrectly(Debug,Critical)" fullname="IrsikSoftware.LogSmith.Tests.PerCategoryMinLevelMatrixTests.CategoryMinLevel_Matrix_FiltersCorrectly(Debug,Critical)" methodname="CategoryMinLevel_Matrix_FiltersCorrectly" classname="IrsikSoftware.LogSmith.Tests.PerCategoryMinLevelMatrixTests" runstate="Runnable" seed="588879890" result="Passed" start-time="2025-10-01 07:16:51Z" end-time="2025-10-01 07:16:51Z" duration="0.000169" asserts="0">
                  <properties>
                    <property name="retryIteration" value="0" />
                    <property name="repeatIteration" value="0" />
                  </properties>
                </test-case>
                <test-case id="1102" name="CategoryMinLevel_Matrix_FiltersCorrectly(Info,Trace)" fullname="IrsikSoftware.LogSmith.Tests.PerCategoryMinLevelMatrixTests.CategoryMinLevel_Matrix_FiltersCorrectly(Info,Trace)" methodname="CategoryMinLevel_Matrix_FiltersCorrectly" classname="IrsikSoftware.LogSmith.Tests.PerCategoryMinLevelMatrixTests" runstate="Runnable" seed="139143654" result="Passed" start-time="2025-10-01 07:16:51Z" end-time="2025-10-01 07:16:51Z" duration="0.000149" asserts="0">
                  <properties>
                    <property name="retryIteration" value="0" />
                    <property name="repeatIteration" value="0" />
                  </properties>
                </test-case>
                <test-case id="1103" name="CategoryMinLevel_Matrix_FiltersCorrectly(Info,Debug)" fullname="IrsikSoftware.LogSmith.Tests.PerCategoryMinLevelMatrixTests.CategoryMinLevel_Matrix_FiltersCorrectly(Info,Debug)" methodname="CategoryMinLevel_Matrix_FiltersCorrectly" classname="IrsikSoftware.LogSmith.Tests.PerCategoryMinLevelMatrixTests" runstate="Runnable" seed="991218669" result="Passed" start-time="2025-10-01 07:16:51Z" end-time="2025-10-01 07:16:51Z" duration="0.000128" asserts="0">
                  <properties>
                    <property name="retryIteration" value="0" />
                    <property name="repeatIteration" value="0" />
                  </properties>
                </test-case>
                <test-case id="1104" name="CategoryMinLevel_Matrix_FiltersCorrectly(Info,Info)" fullname="IrsikSoftware.LogSmith.Tests.PerCategoryMinLevelMatrixTests.CategoryMinLevel_Matrix_FiltersCorrectly(Info,Info)" methodname="CategoryMinLevel_Matrix_FiltersCorrectly" classname="IrsikSoftware.LogSmith.Tests.PerCategoryMinLevelMatrixTests" runstate="Runnable" seed="1375438542" result="Passed" start-time="2025-10-01 07:16:51Z" end-time="2025-10-01 07:16:51Z" duration="0.000114" asserts="0">
                  <properties>
                    <property name="retryIteration" value="0" />
                    <property name="repeatIteration" value="0" />
                  </properties>
                </test-case>
                <test-case id="1105" name="CategoryMinLevel_Matrix_FiltersCorrectly(Info,Warn)" fullname="IrsikSoftware.LogSmith.Tests.PerCategoryMinLevelMatrixTests.CategoryMinLevel_Matrix_FiltersCorrectly(Info,Warn)" methodname="CategoryMinLevel_Matrix_FiltersCorrectly" classname="IrsikSoftware.LogSmith.Tests.PerCategoryMinLevelMatrixTests" runstate="Runnable" seed="671741330" result="Passed" start-time="2025-10-01 07:16:51Z" end-time="2025-10-01 07:16:51Z" duration="0.000087" asserts="0">
                  <properties>
                    <property name="retryIteration" value="0" />
                    <property name="repeatIteration" value="0" />
                  </properties>
                </test-case>
                <test-case id="1106" name="CategoryMinLevel_Matrix_FiltersCorrectly(Info,Error)" fullname="IrsikSoftware.LogSmith.Tests.PerCategoryMinLevelMatrixTests.CategoryMinLevel_Matrix_FiltersCorrectly(Info,Error)" methodname="CategoryMinLevel_Matrix_FiltersCorrectly" classname="IrsikSoftware.LogSmith.Tests.PerCategoryMinLevelMatrixTests" runstate="Runnable" seed="1584262497" result="Passed" start-time="2025-10-01 07:16:51Z" end-time="2025-10-01 07:16:51Z" duration="0.000077" asserts="0">
                  <properties>
                    <property name="retryIteration" value="0" />
                    <property name="repeatIteration" value="0" />
                  </properties>
                </test-case>
                <test-case id="1107" name="CategoryMinLevel_Matrix_FiltersCorrectly(Info,Critical)" fullname="IrsikSoftware.LogSmith.Tests.PerCategoryMinLevelMatrixTests.CategoryMinLevel_Matrix_FiltersCorrectly(Info,Critical)" methodname="CategoryMinLevel_Matrix_FiltersCorrectly" classname="IrsikSoftware.LogSmith.Tests.PerCategoryMinLevelMatrixTests" runstate="Runnable" seed="1724998645" result="Passed" start-time="2025-10-01 07:16:51Z" end-time="2025-10-01 07:16:51Z" duration="0.000073" asserts="0">
                  <properties>
                    <property name="retryIteration" value="0" />
                    <property name="repeatIteration" value="0" />
                  </properties>
                </test-case>
                <test-case id="1108" name="CategoryMinLevel_Matrix_FiltersCorrectly(Warn,Trace)" fullname="IrsikSoftware.LogSmith.Tests.PerCategoryMinLevelMatrixTests.CategoryMinLevel_Matrix_FiltersCorrectly(Warn,Trace)" methodname="CategoryMinLevel_Matrix_FiltersCorrectly" classname="IrsikSoftware.LogSmith.Tests.PerCategoryMinLevelMatrixTests" runstate="Runnable" seed="1028846345" result="Passed" start-time="2025-10-01 07:16:51Z" end-time="2025-10-01 07:16:51Z" duration="0.000079" asserts="0">
                  <properties>
                    <property name="retryIteration" value="0" />
                    <property name="repeatIteration" value="0" />
                  </properties>
                </test-case>
                <test-case id="1109" name="CategoryMinLevel_Matrix_FiltersCorrectly(Warn,Debug)" fullname="IrsikSoftware.LogSmith.Tests.PerCategoryMinLevelMatrixTests.CategoryMinLevel_Matrix_FiltersCorrectly(Warn,Debug)" methodname="CategoryMinLevel_Matrix_FiltersCorrectly" classname="IrsikSoftware.LogSmith.Tests.PerCategoryMinLevelMatrixTests" runstate="Runnable" seed="1354697782" result="Passed" start-time="2025-10-01 07:16:51Z" end-time="2025-10-01 07:16:51Z" duration="0.000073" asserts="0">
                  <properties>
                    <property name="retryIteration" value="0" />
                    <property name="repeatIteration" value="0" />
                  </properties>
                </test-case>
                <test-case id="1110" name="CategoryMinLevel_Matrix_FiltersCorrectly(Warn,Info)" fullname="IrsikSoftware.LogSmith.Tests.PerCategoryMinLevelMatrixTests.CategoryMinLevel_Matrix_FiltersCorrectly(Warn,Info)" methodname="CategoryMinLevel_Matrix_FiltersCorrectly" classname="IrsikSoftware.LogSmith.Tests.PerCategoryMinLevelMatrixTests" runstate="Runnable" seed="643933850" result="Passed" start-time="2025-10-01 07:16:51Z" end-time="2025-10-01 07:16:51Z" duration="0.000212" asserts="0">
                  <properties>
                    <property name="retryIteration" value="0" />
                    <property name="repeatIteration" value="0" />
                  </properties>
                </test-case>
                <test-case id="1111" name="CategoryMinLevel_Matrix_FiltersCorrectly(Warn,Warn)" fullname="IrsikSoftware.LogSmith.Tests.PerCategoryMinLevelMatrixTests.CategoryMinLevel_Matrix_FiltersCorrectly(Warn,Warn)" methodname="CategoryMinLevel_Matrix_FiltersCorrectly" classname="IrsikSoftware.LogSmith.Tests.PerCategoryMinLevelMatrixTests" runstate="Runnable" seed="1812017706" result="Passed" start-time="2025-10-01 07:16:51Z" end-time="2025-10-01 07:16:51Z" duration="0.000094" asserts="0">
                  <properties>
                    <property name="retryIteration" value="0" />
                    <property name="repeatIteration" value="0" />
                  </properties>
                </test-case>
                <test-case id="1112" name="CategoryMinLevel_Matrix_FiltersCorrectly(Warn,Error)" fullname="IrsikSoftware.LogSmith.Tests.PerCategoryMinLevelMatrixTests.CategoryMinLevel_Matrix_FiltersCorrectly(Warn,Error)" methodname="CategoryMinLevel_Matrix_FiltersCorrectly" classname="IrsikSoftware.LogSmith.Tests.PerCategoryMinLevelMatrixTests" runstate="Runnable" seed="1594614196" result="Passed" start-time="2025-10-01 07:16:51Z" end-time="2025-10-01 07:16:51Z" duration="0.000099" asserts="0">
                  <properties>
                    <property name="retryIteration" value="0" />
                    <property name="repeatIteration" value="0" />
                  </properties>
                </test-case>
                <test-case id="1113" name="CategoryMinLevel_Matrix_FiltersCorrectly(Warn,Critical)" fullname="IrsikSoftware.LogSmith.Tests.PerCategoryMinLevelMatrixTests.CategoryMinLevel_Matrix_FiltersCorrectly(Warn,Critical)" methodname="CategoryMinLevel_Matrix_FiltersCorrectly" classname="IrsikSoftware.LogSmith.Tests.PerCategoryMinLevelMatrixTests" runstate="Runnable" seed="244687521" result="Passed" start-time="2025-10-01 07:16:51Z" end-time="2025-10-01 07:16:51Z" duration="0.000091" asserts="0">
                  <properties>
                    <property name="retryIteration" value="0" />
                    <property name="repeatIteration" value="0" />
                  </properties>
                </test-case>
                <test-case id="1114" name="CategoryMinLevel_Matrix_FiltersCorrectly(Error,Trace)" fullname="IrsikSoftware.LogSmith.Tests.PerCategoryMinLevelMatrixTests.CategoryMinLevel_Matrix_FiltersCorrectly(Error,Trace)" methodname="CategoryMinLevel_Matrix_FiltersCorrectly" classname="IrsikSoftware.LogSmith.Tests.PerCategoryMinLevelMatrixTests" runstate="Runnable" seed="878603071" result="Passed" start-time="2025-10-01 07:16:51Z" end-time="2025-10-01 07:16:51Z" duration="0.000084" asserts="0">
                  <properties>
                    <property name="retryIteration" value="0" />
                    <property name="repeatIteration" value="0" />
                  </properties>
                </test-case>
                <test-case id="1115" name="CategoryMinLevel_Matrix_FiltersCorrectly(Error,Debug)" fullname="IrsikSoftware.LogSmith.Tests.PerCategoryMinLevelMatrixTests.CategoryMinLevel_Matrix_FiltersCorrectly(Error,Debug)" methodname="CategoryMinLevel_Matrix_FiltersCorrectly" classname="IrsikSoftware.LogSmith.Tests.PerCategoryMinLevelMatrixTests" runstate="Runnable" seed="1269675537" result="Passed" start-time="2025-10-01 07:16:51Z" end-time="2025-10-01 07:16:51Z" duration="0.000085" asserts="0">
                  <properties>
                    <property name="retryIteration" value="0" />
                    <property name="repeatIteration" value="0" />
                  </properties>
                </test-case>
                <test-case id="1116" name="CategoryMinLevel_Matrix_FiltersCorrectly(Error,Info)" fullname="IrsikSoftware.LogSmith.Tests.PerCategoryMinLevelMatrixTests.CategoryMinLevel_Matrix_FiltersCorrectly(Error,Info)" methodname="CategoryMinLevel_Matrix_FiltersCorrectly" classname="IrsikSoftware.LogSmith.Tests.PerCategoryMinLevelMatrixTests" runstate="Runnable" seed="1651561261" result="Passed" start-time="2025-10-01 07:16:51Z" end-time="2025-10-01 07:16:51Z" duration="0.000090" asserts="0">
                  <properties>
                    <property name="retryIteration" value="0" />
                    <property name="repeatIteration" value="0" />
                  </properties>
                </test-case>
                <test-case id="1117" name="CategoryMinLevel_Matrix_FiltersCorrectly(Error,Warn)" fullname="IrsikSoftware.LogSmith.Tests.PerCategoryMinLevelMatrixTests.CategoryMinLevel_Matrix_FiltersCorrectly(Error,Warn)" methodname="CategoryMinLevel_Matrix_FiltersCorrectly" classname="IrsikSoftware.LogSmith.Tests.PerCategoryMinLevelMatrixTests" runstate="Runnable" seed="196973212" result="Passed" start-time="2025-10-01 07:16:51Z" end-time="2025-10-01 07:16:51Z" duration="0.000104" asserts="0">
                  <properties>
                    <property name="retryIteration" value="0" />
                    <property name="repeatIteration" value="0" />
                  </properties>
                </test-case>
                <test-case id="1118" name="CategoryMinLevel_Matrix_FiltersCorrectly(Error,Error)" fullname="IrsikSoftware.LogSmith.Tests.PerCategoryMinLevelMatrixTests.CategoryMinLevel_Matrix_FiltersCorrectly(Error,Error)" methodname="CategoryMinLevel_Matrix_FiltersCorrectly" classname="IrsikSoftware.LogSmith.Tests.PerCategoryMinLevelMatrixTests" runstate="Runnable" seed="2076230141" result="Passed" start-time="2025-10-01 07:16:51Z" end-time="2025-10-01 07:16:51Z" duration="0.000095" asserts="0">
                  <properties>
                    <property name="retryIteration" value="0" />
                    <property name="repeatIteration" value="0" />
                  </properties>
                </test-case>
                <test-case id="1119" name="CategoryMinLevel_Matrix_FiltersCorrectly(Error,Critical)" fullname="IrsikSoftware.LogSmith.Tests.PerCategoryMinLevelMatrixTests.CategoryMinLevel_Matrix_FiltersCorrectly(Error,Critical)" methodname="CategoryMinLevel_Matrix_FiltersCorrectly" classname="IrsikSoftware.LogSmith.Tests.PerCategoryMinLevelMatrixTests" runstate="Runnable" seed="368910518" result="Passed" start-time="2025-10-01 07:16:51Z" end-time="2025-10-01 07:16:51Z" duration="0.000091" asserts="0">
                  <properties>
                    <property name="retryIteration" value="0" />
                    <property name="repeatIteration" value="0" />
                  </properties>
                </test-case>
                <test-case id="1120" name="CategoryMinLevel_Matrix_FiltersCorrectly(Critical,Trace)" fullname="IrsikSoftware.LogSmith.Tests.PerCategoryMinLevelMatrixTests.CategoryMinLevel_Matrix_FiltersCorrectly(Critical,Trace)" methodname="CategoryMinLevel_Matrix_FiltersCorrectly" classname="IrsikSoftware.LogSmith.Tests.PerCategoryMinLevelMatrixTests" runstate="Runnable" seed="2042668913" result="Passed" start-time="2025-10-01 07:16:51Z" end-time="2025-10-01 07:16:51Z" duration="0.000104" asserts="0">
                  <properties>
                    <property name="retryIteration" value="0" />
                    <property name="repeatIteration" value="0" />
                  </properties>
                </test-case>
                <test-case id="1121" name="CategoryMinLevel_Matrix_FiltersCorrectly(Critical,Debug)" fullname="IrsikSoftware.LogSmith.Tests.PerCategoryMinLevelMatrixTests.CategoryMinLevel_Matrix_FiltersCorrectly(Critical,Debug)" methodname="CategoryMinLevel_Matrix_FiltersCorrectly" classname="IrsikSoftware.LogSmith.Tests.PerCategoryMinLevelMatrixTests" runstate="Runnable" seed="1665088819" result="Passed" start-time="2025-10-01 07:16:51Z" end-time="2025-10-01 07:16:51Z" duration="0.000083" asserts="0">
                  <properties>
                    <property name="retryIteration" value="0" />
                    <property name="repeatIteration" value="0" />
                  </properties>
                </test-case>
                <test-case id="1122" name="CategoryMinLevel_Matrix_FiltersCorrectly(Critical,Info)" fullname="IrsikSoftware.LogSmith.Tests.PerCategoryMinLevelMatrixTests.CategoryMinLevel_Matrix_FiltersCorrectly(Critical,Info)" methodname="CategoryMinLevel_Matrix_FiltersCorrectly" classname="IrsikSoftware.LogSmith.Tests.PerCategoryMinLevelMatrixTests" runstate="Runnable" seed="2131979077" result="Passed" start-time="2025-10-01 07:16:51Z" end-time="2025-10-01 07:16:51Z" duration="0.000073" asserts="0">
                  <properties>
                    <property name="retryIteration" value="0" />
                    <property name="repeatIteration" value="0" />
                  </properties>
                </test-case>
                <test-case id="1123" name="CategoryMinLevel_Matrix_FiltersCorrectly(Critical,Warn)" fullname="IrsikSoftware.LogSmith.Tests.PerCategoryMinLevelMatrixTests.CategoryMinLevel_Matrix_FiltersCorrectly(Critical,Warn)" methodname="CategoryMinLevel_Matrix_FiltersCorrectly" classname="IrsikSoftware.LogSmith.Tests.PerCategoryMinLevelMatrixTests" runstate="Runnable" seed="267535049" result="Passed" start-time="2025-10-01 07:16:51Z" end-time="2025-10-01 07:16:51Z" duration="0.000074" asserts="0">
                  <properties>
                    <property name="retryIteration" value="0" />
                    <property name="repeatIteration" value="0" />
                  </properties>
                </test-case>
                <test-case id="1124" name="CategoryMinLevel_Matrix_FiltersCorrectly(Critical,Error)" fullname="IrsikSoftware.LogSmith.Tests.PerCategoryMinLevelMatrixTests.CategoryMinLevel_Matrix_FiltersCorrectly(Critical,Error)" methodname="CategoryMinLevel_Matrix_FiltersCorrectly" classname="IrsikSoftware.LogSmith.Tests.PerCategoryMinLevelMatrixTests" runstate="Runnable" seed="682438002" result="Passed" start-time="2025-10-01 07:16:51Z" end-time="2025-10-01 07:16:51Z" duration="0.000075" asserts="0">
                  <properties>
                    <property name="retryIteration" value="0" />
                    <property name="repeatIteration" value="0" />
                  </properties>
                </test-case>
                <test-case id="1125" name="CategoryMinLevel_Matrix_FiltersCorrectly(Critical,Critical)" fullname="IrsikSoftware.LogSmith.Tests.PerCategoryMinLevelMatrixTests.CategoryMinLevel_Matrix_FiltersCorrectly(Critical,Critical)" methodname="CategoryMinLevel_Matrix_FiltersCorrectly" classname="IrsikSoftware.LogSmith.Tests.PerCategoryMinLevelMatrixTests" runstate="Runnable" seed="300685113" result="Passed" start-time="2025-10-01 07:16:51Z" end-time="2025-10-01 07:16:51Z" duration="0.000076" asserts="0">
                  <properties>
                    <property name="retryIteration" value="0" />
                    <property name="repeatIteration" value="0" />
                  </properties>
                </test-case>
              </test-suite>
              <test-case id="1174" name="ClearCategoryFilter_FallsBackToRegistryMinimum" fullname="IrsikSoftware.LogSmith.Tests.PerCategoryMinLevelMatrixTests.ClearCategoryFilter_FallsBackToRegistryMinimum" methodname="ClearCategoryFilter_FallsBackToRegistryMinimum" classname="IrsikSoftware.LogSmith.Tests.PerCategoryMinLevelMatrixTests" runstate="Runnable" seed="573805824" result="Passed" start-time="2025-10-01 07:16:51Z" end-time="2025-10-01 07:16:51Z" duration="0.000720" asserts="0">
                <properties>
                  <property name="retryIteration" value="0" />
                  <property name="repeatIteration" value="0" />
                </properties>
              </test-case>
              <test-suite type="ParameterizedMethod" id="1170" name="DisabledCategory_Matrix_BlocksAllLevels" fullname="IrsikSoftware.LogSmith.Tests.PerCategoryMinLevelMatrixTests.DisabledCategory_Matrix_BlocksAllLevels" classname="IrsikSoftware.LogSmith.Tests.PerCategoryMinLevelMatrixTests" runstate="Runnable" testcasecount="6" result="Passed" start-time="2025-10-01 07:16:51Z" end-time="2025-10-01 07:16:51Z" duration="0.001912" total="6" passed="6" failed="0" inconclusive="0" skipped="0" asserts="0">
                <properties />
                <test-case id="1164" name="DisabledCategory_Matrix_BlocksAllLevels(Trace)" fullname="IrsikSoftware.LogSmith.Tests.PerCategoryMinLevelMatrixTests.DisabledCategory_Matrix_BlocksAllLevels(Trace)" methodname="DisabledCategory_Matrix_BlocksAllLevels" classname="IrsikSoftware.LogSmith.Tests.PerCategoryMinLevelMatrixTests" runstate="Runnable" seed="352814207" result="Passed" start-time="2025-10-01 07:16:51Z" end-time="2025-10-01 07:16:51Z" duration="0.000367" asserts="0">
                  <properties>
                    <property name="retryIteration" value="0" />
                    <property name="repeatIteration" value="0" />
                  </properties>
                </test-case>
                <test-case id="1165" name="DisabledCategory_Matrix_BlocksAllLevels(Debug)" fullname="IrsikSoftware.LogSmith.Tests.PerCategoryMinLevelMatrixTests.DisabledCategory_Matrix_BlocksAllLevels(Debug)" methodname="DisabledCategory_Matrix_BlocksAllLevels" classname="IrsikSoftware.LogSmith.Tests.PerCategoryMinLevelMatrixTests" runstate="Runnable" seed="1158346815" result="Passed" start-time="2025-10-01 07:16:51Z" end-time="2025-10-01 07:16:51Z" duration="0.000079" asserts="0">
                  <properties>
                    <property name="retryIteration" value="0" />
                    <property name="repeatIteration" value="0" />
                  </properties>
                </test-case>
                <test-case id="1166" name="DisabledCategory_Matrix_BlocksAllLevels(Info)" fullname="IrsikSoftware.LogSmith.Tests.PerCategoryMinLevelMatrixTests.DisabledCategory_Matrix_BlocksAllLevels(Info)" methodname="DisabledCategory_Matrix_BlocksAllLevels" classname="IrsikSoftware.LogSmith.Tests.PerCategoryMinLevelMatrixTests" runstate="Runnable" seed="1361063105" result="Passed" start-time="2025-10-01 07:16:51Z" end-time="2025-10-01 07:16:51Z" duration="0.000075" asserts="0">
                  <properties>
                    <property name="retryIteration" value="0" />
                    <property name="repeatIteration" value="0" />
                  </properties>
                </test-case>
                <test-case id="1167" name="DisabledCategory_Matrix_BlocksAllLevels(Warn)" fullname="IrsikSoftware.LogSmith.Tests.PerCategoryMinLevelMatrixTests.DisabledCategory_Matrix_BlocksAllLevels(Warn)" methodname="DisabledCategory_Matrix_BlocksAllLevels" classname="IrsikSoftware.LogSmith.Tests.PerCategoryMinLevelMatrixTests" runstate="Runnable" seed="2146199588" result="Passed" start-time="2025-10-01 07:16:51Z" end-time="2025-10-01 07:16:51Z" duration="0.000070" asserts="0">
                  <properties>
                    <property name="retryIteration" value="0" />
                    <property name="repeatIteration" value="0" />
                  </properties>
                </test-case>
                <test-case id="1168" name="DisabledCategory_Matrix_BlocksAllLevels(Error)" fullname="IrsikSoftware.LogSmith.Tests.PerCategoryMinLevelMatrixTests.DisabledCategory_Matrix_BlocksAllLevels(Error)" methodname="DisabledCategory_Matrix_BlocksAllLevels" classname="IrsikSoftware.LogSmith.Tests.PerCategoryMinLevelMatrixTests" runstate="Runnable" seed="1030665075" result="Passed" start-time="2025-10-01 07:16:51Z" end-time="2025-10-01 07:16:51Z" duration="0.000088" asserts="0">
                  <properties>
                    <property name="retryIteration" value="0" />
                    <property name="repeatIteration" value="0" />
                  </properties>
                </test-case>
                <test-case id="1169" name="DisabledCategory_Matrix_BlocksAllLevels(Critical)" fullname="IrsikSoftware.LogSmith.Tests.PerCategoryMinLevelMatrixTests.DisabledCategory_Matrix_BlocksAllLevels(Critical)" methodname="DisabledCategory_Matrix_BlocksAllLevels" classname="IrsikSoftware.LogSmith.Tests.PerCategoryMinLevelMatrixTests" runstate="Runnable" seed="247567886" result="Passed" start-time="2025-10-01 07:16:51Z" end-time="2025-10-01 07:16:51Z" duration="0.000069" asserts="0">
                  <properties>
                    <property name="retryIteration" value="0" />
                    <property name="repeatIteration" value="0" />
                  </properties>
                </test-case>
              </test-suite>
              <test-case id="1173" name="FullPrecedenceChain_GlobalMinimumWhenNoRegistryOrFilter" fullname="IrsikSoftware.LogSmith.Tests.PerCategoryMinLevelMatrixTests.FullPrecedenceChain_GlobalMinimumWhenNoRegistryOrFilter" methodname="FullPrecedenceChain_GlobalMinimumWhenNoRegistryOrFilter" classname="IrsikSoftware.LogSmith.Tests.PerCategoryMinLevelMatrixTests" runstate="Runnable" seed="935057128" result="Passed" start-time="2025-10-01 07:16:51Z" end-time="2025-10-01 07:16:51Z" duration="0.000335" asserts="0">
                <properties>
                  <property name="retryIteration" value="0" />
                  <property name="repeatIteration" value="0" />
                </properties>
              </test-case>
              <test-case id="1172" name="FullPrecedenceChain_RegistryMinimumWhenNoRouterFilter" fullname="IrsikSoftware.LogSmith.Tests.PerCategoryMinLevelMatrixTests.FullPrecedenceChain_RegistryMinimumWhenNoRouterFilter" methodname="FullPrecedenceChain_RegistryMinimumWhenNoRouterFilter" classname="IrsikSoftware.LogSmith.Tests.PerCategoryMinLevelMatrixTests" runstate="Runnable" seed="1640750207" result="Passed" start-time="2025-10-01 07:16:51Z" end-time="2025-10-01 07:16:51Z" duration="0.000376" asserts="0">
                <properties>
                  <property name="retryIteration" value="0" />
                  <property name="repeatIteration" value="0" />
                </properties>
              </test-case>
              <test-case id="1171" name="FullPrecedenceChain_RouterFilterOverridesRegistry" fullname="IrsikSoftware.LogSmith.Tests.PerCategoryMinLevelMatrixTests.FullPrecedenceChain_RouterFilterOverridesRegistry" methodname="FullPrecedenceChain_RouterFilterOverridesRegistry" classname="IrsikSoftware.LogSmith.Tests.PerCategoryMinLevelMatrixTests" runstate="Runnable" seed="922289486" result="Passed" start-time="2025-10-01 07:16:51Z" end-time="2025-10-01 07:16:51Z" duration="0.000409" asserts="0">
                <properties>
                  <property name="retryIteration" value="0" />
                  <property name="repeatIteration" value="0" />
                </properties>
              </test-case>
              <test-suite type="ParameterizedMethod" id="1089" name="GlobalMinLevel_Matrix_FiltersCorrectly" fullname="IrsikSoftware.LogSmith.Tests.PerCategoryMinLevelMatrixTests.GlobalMinLevel_Matrix_FiltersCorrectly" classname="IrsikSoftware.LogSmith.Tests.PerCategoryMinLevelMatrixTests" runstate="Runnable" testcasecount="36" result="Passed" start-time="2025-10-01 07:16:51Z" end-time="2025-10-01 07:16:51Z" duration="0.009392" total="36" passed="36" failed="0" inconclusive="0" skipped="0" asserts="0">
                <properties />
                <test-case id="1053" name="GlobalMinLevel_Matrix_FiltersCorrectly(Trace,Trace)" fullname="IrsikSoftware.LogSmith.Tests.PerCategoryMinLevelMatrixTests.GlobalMinLevel_Matrix_FiltersCorrectly(Trace,Trace)" methodname="GlobalMinLevel_Matrix_FiltersCorrectly" classname="IrsikSoftware.LogSmith.Tests.PerCategoryMinLevelMatrixTests" runstate="Runnable" seed="1475099213" result="Passed" start-time="2025-10-01 07:16:51Z" end-time="2025-10-01 07:16:51Z" duration="0.000326" asserts="0">
                  <properties>
                    <property name="retryIteration" value="0" />
                    <property name="repeatIteration" value="0" />
                  </properties>
                </test-case>
                <test-case id="1054" name="GlobalMinLevel_Matrix_FiltersCorrectly(Trace,Debug)" fullname="IrsikSoftware.LogSmith.Tests.PerCategoryMinLevelMatrixTests.GlobalMinLevel_Matrix_FiltersCorrectly(Trace,Debug)" methodname="GlobalMinLevel_Matrix_FiltersCorrectly" classname="IrsikSoftware.LogSmith.Tests.PerCategoryMinLevelMatrixTests" runstate="Runnable" seed="262925559" result="Passed" start-time="2025-10-01 07:16:51Z" end-time="2025-10-01 07:16:51Z" duration="0.000115" asserts="0">
                  <properties>
                    <property name="retryIteration" value="0" />
                    <property name="repeatIteration" value="0" />
                  </properties>
                </test-case>
                <test-case id="1055" name="GlobalMinLevel_Matrix_FiltersCorrectly(Trace,Info)" fullname="IrsikSoftware.LogSmith.Tests.PerCategoryMinLevelMatrixTests.GlobalMinLevel_Matrix_FiltersCorrectly(Trace,Info)" methodname="GlobalMinLevel_Matrix_FiltersCorrectly" classname="IrsikSoftware.LogSmith.Tests.PerCategoryMinLevelMatrixTests" runstate="Runnable" seed="1670256675" result="Passed" start-time="2025-10-01 07:16:51Z" end-time="2025-10-01 07:16:51Z" duration="0.000106" asserts="0">
                  <properties>
                    <property name="retryIteration" value="0" />
                    <property name="repeatIteration" value="0" />
                  </properties>
                </test-case>
                <test-case id="1056" name="GlobalMinLevel_Matrix_FiltersCorrectly(Trace,Warn)" fullname="IrsikSoftware.LogSmith.Tests.PerCategoryMinLevelMatrixTests.GlobalMinLevel_Matrix_FiltersCorrectly(Trace,Warn)" methodname="GlobalMinLevel_Matrix_FiltersCorrectly" classname="IrsikSoftware.LogSmith.Tests.PerCategoryMinLevelMatrixTests" runstate="Runnable" seed="830546968" result="Passed" start-time="2025-10-01 07:16:51Z" end-time="2025-10-01 07:16:51Z" duration="0.000103" asserts="0">
                  <properties>
                    <property name="retryIteration" value="0" />
                    <property name="repeatIteration" value="0" />
                  </properties>
                </test-case>
                <test-case id="1057" name="GlobalMinLevel_Matrix_FiltersCorrectly(Trace,Error)" fullname="IrsikSoftware.LogSmith.Tests.PerCategoryMinLevelMatrixTests.GlobalMinLevel_Matrix_FiltersCorrectly(Trace,Error)" methodname="GlobalMinLevel_Matrix_FiltersCorrectly" classname="IrsikSoftware.LogSmith.Tests.PerCategoryMinLevelMatrixTests" runstate="Runnable" seed="416214739" result="Passed" start-time="2025-10-01 07:16:51Z" end-time="2025-10-01 07:16:51Z" duration="0.000097" asserts="0">
                  <properties>
                    <property name="retryIteration" value="0" />
                    <property name="repeatIteration" value="0" />
                  </properties>
                </test-case>
                <test-case id="1058" name="GlobalMinLevel_Matrix_FiltersCorrectly(Trace,Critical)" fullname="IrsikSoftware.LogSmith.Tests.PerCategoryMinLevelMatrixTests.GlobalMinLevel_Matrix_FiltersCorrectly(Trace,Critical)" methodname="GlobalMinLevel_Matrix_FiltersCorrectly" classname="IrsikSoftware.LogSmith.Tests.PerCategoryMinLevelMatrixTests" runstate="Runnable" seed="1391538044" result="Passed" start-time="2025-10-01 07:16:51Z" end-time="2025-10-01 07:16:51Z" duration="0.000082" asserts="0">
                  <properties>
                    <property name="retryIteration" value="0" />
                    <property name="repeatIteration" value="0" />
                  </properties>
                </test-case>
                <test-case id="1059" name="GlobalMinLevel_Matrix_FiltersCorrectly(Debug,Trace)" fullname="IrsikSoftware.LogSmith.Tests.PerCategoryMinLevelMatrixTests.GlobalMinLevel_Matrix_FiltersCorrectly(Debug,Trace)" methodname="GlobalMinLevel_Matrix_FiltersCorrectly" classname="IrsikSoftware.LogSmith.Tests.PerCategoryMinLevelMatrixTests" runstate="Runnable" seed="1234234500" result="Passed" start-time="2025-10-01 07:16:51Z" end-time="2025-10-01 07:16:51Z" duration="0.000075" asserts="0">
                  <properties>
                    <property name="retryIteration" value="0" />
                    <property name="repeatIteration" value="0" />
                  </properties>
                </test-case>
                <test-case id="1060" name="GlobalMinLevel_Matrix_FiltersCorrectly(Debug,Debug)" fullname="IrsikSoftware.LogSmith.Tests.PerCategoryMinLevelMatrixTests.GlobalMinLevel_Matrix_FiltersCorrectly(Debug,Debug)" methodname="GlobalMinLevel_Matrix_FiltersCorrectly" classname="IrsikSoftware.LogSmith.Tests.PerCategoryMinLevelMatrixTests" runstate="Runnable" seed="1154991384" result="Passed" start-time="2025-10-01 07:16:51Z" end-time="2025-10-01 07:16:51Z" duration="0.000073" asserts="0">
                  <properties>
                    <property name="retryIteration" value="0" />
                    <property name="repeatIteration" value="0" />
                  </properties>
                </test-case>
                <test-case id="1061" name="GlobalMinLevel_Matrix_FiltersCorrectly(Debug,Info)" fullname="IrsikSoftware.LogSmith.Tests.PerCategoryMinLevelMatrixTests.GlobalMinLevel_Matrix_FiltersCorrectly(Debug,Info)" methodname="GlobalMinLevel_Matrix_FiltersCorrectly" classname="IrsikSoftware.LogSmith.Tests.PerCategoryMinLevelMatrixTests" runstate="Runnable" seed="1299334598" result="Passed" start-time="2025-10-01 07:16:51Z" end-time="2025-10-01 07:16:51Z" duration="0.000130" asserts="0">
                  <properties>
                    <property name="retryIteration" value="0" />
                    <property name="repeatIteration" value="0" />
                  </properties>
                </test-case>
                <test-case id="1062" name="GlobalMinLevel_Matrix_FiltersCorrectly(Debug,Warn)" fullname="IrsikSoftware.LogSmith.Tests.PerCategoryMinLevelMatrixTests.GlobalMinLevel_Matrix_FiltersCorrectly(Debug,Warn)" methodname="GlobalMinLevel_Matrix_FiltersCorrectly" classname="IrsikSoftware.LogSmith.Tests.PerCategoryMinLevelMatrixTests" runstate="Runnable" seed="690239627" result="Passed" start-time="2025-10-01 07:16:51Z" end-time="2025-10-01 07:16:51Z" duration="0.000085" asserts="0">
                  <properties>
                    <property name="retryIteration" value="0" />
                    <property name="repeatIteration" value="0" />
                  </properties>
                </test-case>
                <test-case id="1063" name="GlobalMinLevel_Matrix_FiltersCorrectly(Debug,Error)" fullname="IrsikSoftware.LogSmith.Tests.PerCategoryMinLevelMatrixTests.GlobalMinLevel_Matrix_FiltersCorrectly(Debug,Error)" methodname="GlobalMinLevel_Matrix_FiltersCorrectly" classname="IrsikSoftware.LogSmith.Tests.PerCategoryMinLevelMatrixTests" runstate="Runnable" seed="777695705" result="Passed" start-time="2025-10-01 07:16:51Z" end-time="2025-10-01 07:16:51Z" duration="0.000080" asserts="0">
                  <properties>
                    <property name="retryIteration" value="0" />
                    <property name="repeatIteration" value="0" />
                  </properties>
                </test-case>
                <test-case id="1064" name="GlobalMinLevel_Matrix_FiltersCorrectly(Debug,Critical)" fullname="IrsikSoftware.LogSmith.Tests.PerCategoryMinLevelMatrixTests.GlobalMinLevel_Matrix_FiltersCorrectly(Debug,Critical)" methodname="GlobalMinLevel_Matrix_FiltersCorrectly" classname="IrsikSoftware.LogSmith.Tests.PerCategoryMinLevelMatrixTests" runstate="Runnable" seed="948618125" result="Passed" start-time="2025-10-01 07:16:51Z" end-time="2025-10-01 07:16:51Z" duration="0.000079" asserts="0">
                  <properties>
                    <property name="retryIteration" value="0" />
                    <property name="repeatIteration" value="0" />
                  </properties>
                </test-case>
                <test-case id="1065" name="GlobalMinLevel_Matrix_FiltersCorrectly(Info,Trace)" fullname="IrsikSoftware.LogSmith.Tests.PerCategoryMinLevelMatrixTests.GlobalMinLevel_Matrix_FiltersCorrectly(Info,Trace)" methodname="GlobalMinLevel_Matrix_FiltersCorrectly" classname="IrsikSoftware.LogSmith.Tests.PerCategoryMinLevelMatrixTests" runstate="Runnable" seed="5285687" result="Passed" start-time="2025-10-01 07:16:51Z" end-time="2025-10-01 07:16:51Z" duration="0.000076" asserts="0">
                  <properties>
                    <property name="retryIteration" value="0" />
                    <property name="repeatIteration" value="0" />
                  </properties>
                </test-case>
                <test-case id="1066" name="GlobalMinLevel_Matrix_FiltersCorrectly(Info,Debug)" fullname="IrsikSoftware.LogSmith.Tests.PerCategoryMinLevelMatrixTests.GlobalMinLevel_Matrix_FiltersCorrectly(Info,Debug)" methodname="GlobalMinLevel_Matrix_FiltersCorrectly" classname="IrsikSoftware.LogSmith.Tests.PerCategoryMinLevelMatrixTests" runstate="Runnable" seed="1950029243" result="Passed" start-time="2025-10-01 07:16:51Z" end-time="2025-10-01 07:16:51Z" duration="0.000080" asserts="0">
                  <properties>
                    <property name="retryIteration" value="0" />
                    <property name="repeatIteration" value="0" />
                  </properties>
                </test-case>
                <test-case id="1067" name="GlobalMinLevel_Matrix_FiltersCorrectly(Info,Info)" fullname="IrsikSoftware.LogSmith.Tests.PerCategoryMinLevelMatrixTests.GlobalMinLevel_Matrix_FiltersCorrectly(Info,Info)" methodname="GlobalMinLevel_Matrix_FiltersCorrectly" classname="IrsikSoftware.LogSmith.Tests.PerCategoryMinLevelMatrixTests" runstate="Runnable" seed="1805929381" result="Passed" start-time="2025-10-01 07:16:51Z" end-time="2025-10-01 07:16:51Z" duration="0.000074" asserts="0">
                  <properties>
                    <property name="retryIteration" value="0" />
                    <property name="repeatIteration" value="0" />
                  </properties>
                </test-case>
                <test-case id="1068" name="GlobalMinLevel_Matrix_FiltersCorrectly(Info,Warn)" fullname="IrsikSoftware.LogSmith.Tests.PerCategoryMinLevelMatrixTests.GlobalMinLevel_Matrix_FiltersCorrectly(Info,Warn)" methodname="GlobalMinLevel_Matrix_FiltersCorrectly" classname="IrsikSoftware.LogSmith.Tests.PerCategoryMinLevelMatrixTests" runstate="Runnable" seed="1261491034" result="Passed" start-time="2025-10-01 07:16:51Z" end-time="2025-10-01 07:16:51Z" duration="0.000108" asserts="0">
                  <properties>
                    <property name="retryIteration" value="0" />
                    <property name="repeatIteration" value="0" />
                  </properties>
                </test-case>
                <test-case id="1069" name="GlobalMinLevel_Matrix_FiltersCorrectly(Info,Error)" fullname="IrsikSoftware.LogSmith.Tests.PerCategoryMinLevelMatrixTests.GlobalMinLevel_Matrix_FiltersCorrectly(Info,Error)" methodname="GlobalMinLevel_Matrix_FiltersCorrectly" classname="IrsikSoftware.LogSmith.Tests.PerCategoryMinLevelMatrixTests" runstate="Runnable" seed="775171615" result="Passed" start-time="2025-10-01 07:16:51Z" end-time="2025-10-01 07:16:51Z" duration="0.000084" asserts="0">
                  <properties>
                    <property name="retryIteration" value="0" />
                    <property name="repeatIteration" value="0" />
                  </properties>
                </test-case>
                <test-case id="1070" name="GlobalMinLevel_Matrix_FiltersCorrectly(Info,Critical)" fullname="IrsikSoftware.LogSmith.Tests.PerCategoryMinLevelMatrixTests.GlobalMinLevel_Matrix_FiltersCorrectly(Info,Critical)" methodname="GlobalMinLevel_Matrix_FiltersCorrectly" classname="IrsikSoftware.LogSmith.Tests.PerCategoryMinLevelMatrixTests" runstate="Runnable" seed="1463396650" result="Passed" start-time="2025-10-01 07:16:51Z" end-time="2025-10-01 07:16:51Z" duration="0.000093" asserts="0">
                  <properties>
                    <property name="retryIteration" value="0" />
                    <property name="repeatIteration" value="0" />
                  </properties>
                </test-case>
                <test-case id="1071" name="GlobalMinLevel_Matrix_FiltersCorrectly(Warn,Trace)" fullname="IrsikSoftware.LogSmith.Tests.PerCategoryMinLevelMatrixTests.GlobalMinLevel_Matrix_FiltersCorrectly(Warn,Trace)" methodname="GlobalMinLevel_Matrix_FiltersCorrectly" classname="IrsikSoftware.LogSmith.Tests.PerCategoryMinLevelMatrixTests" runstate="Runnable" seed="890252738" result="Passed" start-time="2025-10-01 07:16:51Z" end-time="2025-10-01 07:16:51Z" duration="0.000134" asserts="0">
                  <properties>
                    <property name="retryIteration" value="0" />
                    <property name="repeatIteration" value="0" />
                  </properties>
                </test-case>
                <test-case id="1072" name="GlobalMinLevel_Matrix_FiltersCorrectly(Warn,Debug)" fullname="IrsikSoftware.LogSmith.Tests.PerCategoryMinLevelMatrixTests.GlobalMinLevel_Matrix_FiltersCorrectly(Warn,Debug)" methodname="GlobalMinLevel_Matrix_FiltersCorrectly" classname="IrsikSoftware.LogSmith.Tests.PerCategoryMinLevelMatrixTests" runstate="Runnable" seed="1353702883" result="Passed" start-time="2025-10-01 07:16:51Z" end-time="2025-10-01 07:16:51Z" duration="0.000136" asserts="0">
                  <properties>
                    <property name="retryIteration" value="0" />
                    <property name="repeatIteration" value="0" />
                  </properties>
                </test-case>
                <test-case id="1073" name="GlobalMinLevel_Matrix_FiltersCorrectly(Warn,Info)" fullname="IrsikSoftware.LogSmith.Tests.PerCategoryMinLevelMatrixTests.GlobalMinLevel_Matrix_FiltersCorrectly(Warn,Info)" methodname="GlobalMinLevel_Matrix_FiltersCorrectly" classname="IrsikSoftware.LogSmith.Tests.PerCategoryMinLevelMatrixTests" runstate="Runnable" seed="1266236045" result="Passed" start-time="2025-10-01 07:16:51Z" end-time="2025-10-01 07:16:51Z" duration="0.000144" asserts="0">
                  <properties>
                    <property name="retryIteration" value="0" />
                    <property name="repeatIteration" value="0" />
                  </properties>
                </test-case>
                <test-case id="1074" name="GlobalMinLevel_Matrix_FiltersCorrectly(Warn,Warn)" fullname="IrsikSoftware.LogSmith.Tests.PerCategoryMinLevelMatrixTests.GlobalMinLevel_Matrix_FiltersCorrectly(Warn,Warn)" methodname="GlobalMinLevel_Matrix_FiltersCorrectly" classname="IrsikSoftware.LogSmith.Tests.PerCategoryMinLevelMatrixTests" runstate="Runnable" seed="189251068" result="Passed" start-time="2025-10-01 07:16:51Z" end-time="2025-10-01 07:16:51Z" duration="0.000137" asserts="0">
                  <properties>
                    <property name="retryIteration" value="0" />
                    <property name="repeatIteration" value="0" />
                  </properties>
                </test-case>
                <test-case id="1075" name="GlobalMinLevel_Matrix_FiltersCorrectly(Warn,Error)" fullname="IrsikSoftware.LogSmith.Tests.PerCategoryMinLevelMatrixTests.GlobalMinLevel_Matrix_FiltersCorrectly(Warn,Error)" methodname="GlobalMinLevel_Matrix_FiltersCorrectly" classname="IrsikSoftware.LogSmith.Tests.PerCategoryMinLevelMatrixTests" runstate="Runnable" seed="1476676094" result="Passed" start-time="2025-10-01 07:16:51Z" end-time="2025-10-01 07:16:51Z" duration="0.000194" asserts="0">
                  <properties>
                    <property name="retryIteration" value="0" />
                    <property name="repeatIteration" value="0" />
                  </properties>
                </test-case>
                <test-case id="1076" name="GlobalMinLevel_Matrix_FiltersCorrectly(Warn,Critical)" fullname="IrsikSoftware.LogSmith.Tests.PerCategoryMinLevelMatrixTests.GlobalMinLevel_Matrix_FiltersCorrectly(Warn,Critical)" methodname="GlobalMinLevel_Matrix_FiltersCorrectly" classname="IrsikSoftware.LogSmith.Tests.PerCategoryMinLevelMatrixTests" runstate="Runnable" seed="416940308" result="Passed" start-time="2025-10-01 07:16:51Z" end-time="2025-10-01 07:16:51Z" duration="0.000113" asserts="0">
                  <properties>
                    <property name="retryIteration" value="0" />
                    <property name="repeatIteration" value="0" />
                  </properties>
                </test-case>
                <test-case id="1077" name="GlobalMinLevel_Matrix_FiltersCorrectly(Error,Trace)" fullname="IrsikSoftware.LogSmith.Tests.PerCategoryMinLevelMatrixTests.GlobalMinLevel_Matrix_FiltersCorrectly(Error,Trace)" methodname="GlobalMinLevel_Matrix_FiltersCorrectly" classname="IrsikSoftware.LogSmith.Tests.PerCategoryMinLevelMatrixTests" runstate="Runnable" seed="1456697874" result="Passed" start-time="2025-10-01 07:16:51Z" end-time="2025-10-01 07:16:51Z" duration="0.000100" asserts="0">
                  <properties>
                    <property name="retryIteration" value="0" />
                    <property name="repeatIteration" value="0" />
                  </properties>
                </test-case>
                <test-case id="1078" name="GlobalMinLevel_Matrix_FiltersCorrectly(Error,Debug)" fullname="IrsikSoftware.LogSmith.Tests.PerCategoryMinLevelMatrixTests.GlobalMinLevel_Matrix_FiltersCorrectly(Error,Debug)" methodname="GlobalMinLevel_Matrix_FiltersCorrectly" classname="IrsikSoftware.LogSmith.Tests.PerCategoryMinLevelMatrixTests" runstate="Runnable" seed="328897668" result="Passed" start-time="2025-10-01 07:16:51Z" end-time="2025-10-01 07:16:51Z" duration="0.000133" asserts="0">
                  <properties>
                    <property name="retryIteration" value="0" />
                    <property name="repeatIteration" value="0" />
                  </properties>
                </test-case>
                <test-case id="1079" name="GlobalMinLevel_Matrix_FiltersCorrectly(Error,Info)" fullname="IrsikSoftware.LogSmith.Tests.PerCategoryMinLevelMatrixTests.GlobalMinLevel_Matrix_FiltersCorrectly(Error,Info)" methodname="GlobalMinLevel_Matrix_FiltersCorrectly" classname="IrsikSoftware.LogSmith.Tests.PerCategoryMinLevelMatrixTests" runstate="Runnable" seed="1496984542" result="Passed" start-time="2025-10-01 07:16:51Z" end-time="2025-10-01 07:16:51Z" duration="0.000107" asserts="0">
                  <properties>
                    <property name="retryIteration" value="0" />
                    <property name="repeatIteration" value="0" />
                  </properties>
                </test-case>
                <test-case id="1080" name="GlobalMinLevel_Matrix_FiltersCorrectly(Error,Warn)" fullname="IrsikSoftware.LogSmith.Tests.PerCategoryMinLevelMatrixTests.GlobalMinLevel_Matrix_FiltersCorrectly(Error,Warn)" methodname="GlobalMinLevel_Matrix_FiltersCorrectly" classname="IrsikSoftware.LogSmith.Tests.PerCategoryMinLevelMatrixTests" runstate="Runnable" seed="132026778" result="Passed" start-time="2025-10-01 07:16:51Z" end-time="2025-10-01 07:16:51Z" duration="0.000102" asserts="0">
                  <properties>
                    <property name="retryIteration" value="0" />
                    <property name="repeatIteration" value="0" />
                  </properties>
                </test-case>
                <test-case id="1081" name="GlobalMinLevel_Matrix_FiltersCorrectly(Error,Error)" fullname="IrsikSoftware.LogSmith.Tests.PerCategoryMinLevelMatrixTests.GlobalMinLevel_Matrix_FiltersCorrectly(Error,Error)" methodname="GlobalMinLevel_Matrix_FiltersCorrectly" classname="IrsikSoftware.LogSmith.Tests.PerCategoryMinLevelMatrixTests" runstate="Runnable" seed="1585014713" result="Passed" start-time="2025-10-01 07:16:51Z" end-time="2025-10-01 07:16:51Z" duration="0.000095" asserts="0">
                  <properties>
                    <property name="retryIteration" value="0" />
                    <property name="repeatIteration" value="0" />
                  </properties>
                </test-case>
                <test-case id="1082" name="GlobalMinLevel_Matrix_FiltersCorrectly(Error,Critical)" fullname="IrsikSoftware.LogSmith.Tests.PerCategoryMinLevelMatrixTests.GlobalMinLevel_Matrix_FiltersCorrectly(Error,Critical)" methodname="GlobalMinLevel_Matrix_FiltersCorrectly" classname="IrsikSoftware.LogSmith.Tests.PerCategoryMinLevelMatrixTests" runstate="Runnable" seed="1411730965" result="Passed" start-time="2025-10-01 07:16:51Z" end-time="2025-10-01 07:16:51Z" duration="0.000112" asserts="0">
                  <properties>
                    <property name="retryIteration" value="0" />
                    <property name="repeatIteration" value="0" />
                  </properties>
                </test-case>
                <test-case id="1083" name="GlobalMinLevel_Matrix_FiltersCorrectly(Critical,Trace)" fullname="IrsikSoftware.LogSmith.Tests.PerCategoryMinLevelMatrixTests.GlobalMinLevel_Matrix_FiltersCorrectly(Critical,Trace)" methodname="GlobalMinLevel_Matrix_FiltersCorrectly" classname="IrsikSoftware.LogSmith.Tests.PerCategoryMinLevelMatrixTests" runstate="Runnable" seed="1261211583" result="Passed" start-time="2025-10-01 07:16:51Z" end-time="2025-10-01 07:16:51Z" duration="0.000110" asserts="0">
                  <properties>
                    <property name="retryIteration" value="0" />
                    <property name="repeatIteration" value="0" />
                  </properties>
                </test-case>
                <test-case id="1084" name="GlobalMinLevel_Matrix_FiltersCorrectly(Critical,Debug)" fullname="IrsikSoftware.LogSmith.Tests.PerCategoryMinLevelMatrixTests.GlobalMinLevel_Matrix_FiltersCorrectly(Critical,Debug)" methodname="GlobalMinLevel_Matrix_FiltersCorrectly" classname="IrsikSoftware.LogSmith.Tests.PerCategoryMinLevelMatrixTests" runstate="Runnable" seed="8851113" result="Passed" start-time="2025-10-01 07:16:51Z" end-time="2025-10-01 07:16:51Z" duration="0.000102" asserts="0">
                  <properties>
                    <property name="retryIteration" value="0" />
                    <property name="repeatIteration" value="0" />
                  </properties>
                </test-case>
                <test-case id="1085" name="GlobalMinLevel_Matrix_FiltersCorrectly(Critical,Info)" fullname="IrsikSoftware.LogSmith.Tests.PerCategoryMinLevelMatrixTests.GlobalMinLevel_Matrix_FiltersCorrectly(Critical,Info)" methodname="GlobalMinLevel_Matrix_FiltersCorrectly" classname="IrsikSoftware.LogSmith.Tests.PerCategoryMinLevelMatrixTests" runstate="Runnable" seed="1222007396" result="Passed" start-time="2025-10-01 07:16:51Z" end-time="2025-10-01 07:16:51Z" duration="0.000106" asserts="0">
                  <properties>
                    <property name="retryIteration" value="0" />
                    <property name="repeatIteration" value="0" />
                  </properties>
                </test-case>
                <test-case id="1086" name="GlobalMinLevel_Matrix_FiltersCorrectly(Critical,Warn)" fullname="IrsikSoftware.LogSmith.Tests.PerCategoryMinLevelMatrixTests.GlobalMinLevel_Matrix_FiltersCorrectly(Critical,Warn)" methodname="GlobalMinLevel_Matrix_FiltersCorrectly" classname="IrsikSoftware.LogSmith.Tests.PerCategoryMinLevelMatrixTests" runstate="Runnable" seed="437987358" result="Passed" start-time="2025-10-01 07:16:51Z" end-time="2025-10-01 07:16:51Z" duration="0.000124" asserts="0">
                  <properties>
                    <property name="retryIteration" value="0" />
                    <property name="repeatIteration" value="0" />
                  </properties>
                </test-case>
                <test-case id="1087" name="GlobalMinLevel_Matrix_FiltersCorrectly(Critical,Error)" fullname="IrsikSoftware.LogSmith.Tests.PerCategoryMinLevelMatrixTests.GlobalMinLevel_Matrix_FiltersCorrectly(Critical,Error)" methodname="GlobalMinLevel_Matrix_FiltersCorrectly" classname="IrsikSoftware.LogSmith.Tests.PerCategoryMinLevelMatrixTests" runstate="Runnable" seed="1343527609" result="Passed" start-time="2025-10-01 07:16:51Z" end-time="2025-10-01 07:16:51Z" duration="0.000102" asserts="0">
                  <properties>
                    <property name="retryIteration" value="0" />
                    <property name="repeatIteration" value="0" />
                  </properties>
                </test-case>
                <test-case id="1088" name="GlobalMinLevel_Matrix_FiltersCorrectly(Critical,Critical)" fullname="IrsikSoftware.LogSmith.Tests.PerCategoryMinLevelMatrixTests.GlobalMinLevel_Matrix_FiltersCorrectly(Critical,Critical)" methodname="GlobalMinLevel_Matrix_FiltersCorrectly" classname="IrsikSoftware.LogSmith.Tests.PerCategoryMinLevelMatrixTests" runstate="Runnable" seed="225714700" result="Passed" start-time="2025-10-01 07:16:51Z" end-time="2025-10-01 07:16:51Z" duration="0.000083" asserts="0">
                  <properties>
                    <property name="retryIteration" value="0" />
                    <property name="repeatIteration" value="0" />
                  </properties>
                </test-case>
              </test-suite>
              <test-suite type="ParameterizedMethod" id="1163" name="RouterCategoryFilter_Matrix_FiltersCorrectly" fullname="IrsikSoftware.LogSmith.Tests.PerCategoryMinLevelMatrixTests.RouterCategoryFilter_Matrix_FiltersCorrectly" classname="IrsikSoftware.LogSmith.Tests.PerCategoryMinLevelMatrixTests" runstate="Runnable" testcasecount="36" result="Passed" start-time="2025-10-01 07:16:51Z" end-time="2025-10-01 07:16:51Z" duration="0.007772" total="36" passed="36" failed="0" inconclusive="0" skipped="0" asserts="0">
                <properties />
                <test-case id="1127" name="RouterCategoryFilter_Matrix_FiltersCorrectly(Trace,Trace)" fullname="IrsikSoftware.LogSmith.Tests.PerCategoryMinLevelMatrixTests.RouterCategoryFilter_Matrix_FiltersCorrectly(Trace,Trace)" methodname="RouterCategoryFilter_Matrix_FiltersCorrectly" classname="IrsikSoftware.LogSmith.Tests.PerCategoryMinLevelMatrixTests" runstate="Runnable" seed="1380576504" result="Passed" start-time="2025-10-01 07:16:51Z" end-time="2025-10-01 07:16:51Z" duration="0.000412" asserts="0">
                  <properties>
                    <property name="retryIteration" value="0" />
                    <property name="repeatIteration" value="0" />
                  </properties>
                </test-case>
                <test-case id="1128" name="RouterCategoryFilter_Matrix_FiltersCorrectly(Trace,Debug)" fullname="IrsikSoftware.LogSmith.Tests.PerCategoryMinLevelMatrixTests.RouterCategoryFilter_Matrix_FiltersCorrectly(Trace,Debug)" methodname="RouterCategoryFilter_Matrix_FiltersCorrectly" classname="IrsikSoftware.LogSmith.Tests.PerCategoryMinLevelMatrixTests" runstate="Runnable" seed="1259043326" result="Passed" start-time="2025-10-01 07:16:51Z" end-time="2025-10-01 07:16:51Z" duration="0.000084" asserts="0">
                  <properties>
                    <property name="retryIteration" value="0" />
                    <property name="repeatIteration" value="0" />
                  </properties>
                </test-case>
                <test-case id="1129" name="RouterCategoryFilter_Matrix_FiltersCorrectly(Trace,Info)" fullname="IrsikSoftware.LogSmith.Tests.PerCategoryMinLevelMatrixTests.RouterCategoryFilter_Matrix_FiltersCorrectly(Trace,Info)" methodname="RouterCategoryFilter_Matrix_FiltersCorrectly" classname="IrsikSoftware.LogSmith.Tests.PerCategoryMinLevelMatrixTests" runstate="Runnable" seed="756084916" result="Passed" start-time="2025-10-01 07:16:51Z" end-time="2025-10-01 07:16:51Z" duration="0.000077" asserts="0">
                  <properties>
                    <property name="retryIteration" value="0" />
                    <property name="repeatIteration" value="0" />
                  </properties>
                </test-case>
                <test-case id="1130" name="RouterCategoryFilter_Matrix_FiltersCorrectly(Trace,Warn)" fullname="IrsikSoftware.LogSmith.Tests.PerCategoryMinLevelMatrixTests.RouterCategoryFilter_Matrix_FiltersCorrectly(Trace,Warn)" methodname="RouterCategoryFilter_Matrix_FiltersCorrectly" classname="IrsikSoftware.LogSmith.Tests.PerCategoryMinLevelMatrixTests" runstate="Runnable" seed="478314511" result="Passed" start-time="2025-10-01 07:16:51Z" end-time="2025-10-01 07:16:51Z" duration="0.000175" asserts="0">
                  <properties>
                    <property name="retryIteration" value="0" />
                    <property name="repeatIteration" value="0" />
                  </properties>
                </test-case>
                <test-case id="1131" name="RouterCategoryFilter_Matrix_FiltersCorrectly(Trace,Error)" fullname="IrsikSoftware.LogSmith.Tests.PerCategoryMinLevelMatrixTests.RouterCategoryFilter_Matrix_FiltersCorrectly(Trace,Error)" methodname="RouterCategoryFilter_Matrix_FiltersCorrectly" classname="IrsikSoftware.LogSmith.Tests.PerCategoryMinLevelMatrixTests" runstate="Runnable" seed="15469977" result="Passed" start-time="2025-10-01 07:16:51Z" end-time="2025-10-01 07:16:51Z" duration="0.000076" asserts="0">
                  <properties>
                    <property name="retryIteration" value="0" />
                    <property name="repeatIteration" value="0" />
                  </properties>
                </test-case>
                <test-case id="1132" name="RouterCategoryFilter_Matrix_FiltersCorrectly(Trace,Critical)" fullname="IrsikSoftware.LogSmith.Tests.PerCategoryMinLevelMatrixTests.RouterCategoryFilter_Matrix_FiltersCorrectly(Trace,Critical)" methodname="RouterCategoryFilter_Matrix_FiltersCorrectly" classname="IrsikSoftware.LogSmith.Tests.PerCategoryMinLevelMatrixTests" runstate="Runnable" seed="954838518" result="Passed" start-time="2025-10-01 07:16:51Z" end-time="2025-10-01 07:16:51Z" duration="0.000078" asserts="0">
                  <properties>
                    <property name="retryIteration" value="0" />
                    <property name="repeatIteration" value="0" />
                  </properties>
                </test-case>
                <test-case id="1133" name="RouterCategoryFilter_Matrix_FiltersCorrectly(Debug,Trace)" fullname="IrsikSoftware.LogSmith.Tests.PerCategoryMinLevelMatrixTests.RouterCategoryFilter_Matrix_FiltersCorrectly(Debug,Trace)" methodname="RouterCategoryFilter_Matrix_FiltersCorrectly" classname="IrsikSoftware.LogSmith.Tests.PerCategoryMinLevelMatrixTests" runstate="Runnable" seed="1442268181" result="Passed" start-time="2025-10-01 07:16:51Z" end-time="2025-10-01 07:16:51Z" duration="0.000081" asserts="0">
                  <properties>
                    <property name="retryIteration" value="0" />
                    <property name="repeatIteration" value="0" />
                  </properties>
                </test-case>
                <test-case id="1134" name="RouterCategoryFilter_Matrix_FiltersCorrectly(Debug,Debug)" fullname="IrsikSoftware.LogSmith.Tests.PerCategoryMinLevelMatrixTests.RouterCategoryFilter_Matrix_FiltersCorrectly(Debug,Debug)" methodname="RouterCategoryFilter_Matrix_FiltersCorrectly" classname="IrsikSoftware.LogSmith.Tests.PerCategoryMinLevelMatrixTests" runstate="Runnable" seed="167202244" result="Passed" start-time="2025-10-01 07:16:51Z" end-time="2025-10-01 07:16:51Z" duration="0.000079" asserts="0">
                  <properties>
                    <property name="retryIteration" value="0" />
                    <property name="repeatIteration" value="0" />
                  </properties>
                </test-case>
                <test-case id="1135" name="RouterCategoryFilter_Matrix_FiltersCorrectly(Debug,Info)" fullname="IrsikSoftware.LogSmith.Tests.PerCategoryMinLevelMatrixTests.RouterCategoryFilter_Matrix_FiltersCorrectly(Debug,Info)" methodname="RouterCategoryFilter_Matrix_FiltersCorrectly" classname="IrsikSoftware.LogSmith.Tests.PerCategoryMinLevelMatrixTests" runstate="Runnable" seed="2028442792" result="Passed" start-time="2025-10-01 07:16:51Z" end-time="2025-10-01 07:16:51Z" duration="0.000078" asserts="0">
                  <properties>
                    <property name="retryIteration" value="0" />
                    <property name="repeatIteration" value="0" />
                  </properties>
                </test-case>
                <test-case id="1136" name="RouterCategoryFilter_Matrix_FiltersCorrectly(Debug,Warn)" fullname="IrsikSoftware.LogSmith.Tests.PerCategoryMinLevelMatrixTests.RouterCategoryFilter_Matrix_FiltersCorrectly(Debug,Warn)" methodname="RouterCategoryFilter_Matrix_FiltersCorrectly" classname="IrsikSoftware.LogSmith.Tests.PerCategoryMinLevelMatrixTests" runstate="Runnable" seed="94358045" result="Passed" start-time="2025-10-01 07:16:51Z" end-time="2025-10-01 07:16:51Z" duration="0.000083" asserts="0">
                  <properties>
                    <property name="retryIteration" value="0" />
                    <property name="repeatIteration" value="0" />
                  </properties>
                </test-case>
                <test-case id="1137" name="RouterCategoryFilter_Matrix_FiltersCorrectly(Debug,Error)" fullname="IrsikSoftware.LogSmith.Tests.PerCategoryMinLevelMatrixTests.RouterCategoryFilter_Matrix_FiltersCorrectly(Debug,Error)" methodname="RouterCategoryFilter_Matrix_FiltersCorrectly" classname="IrsikSoftware.LogSmith.Tests.PerCategoryMinLevelMatrixTests" runstate="Runnable" seed="1857945261" result="Passed" start-time="2025-10-01 07:16:51Z" end-time="2025-10-01 07:16:51Z" duration="0.000112" asserts="0">
                  <properties>
                    <property name="retryIteration" value="0" />
                    <property name="repeatIteration" value="0" />
                  </properties>
                </test-case>
                <test-case id="1138" name="RouterCategoryFilter_Matrix_FiltersCorrectly(Debug,Critical)" fullname="IrsikSoftware.LogSmith.Tests.PerCategoryMinLevelMatrixTests.RouterCategoryFilter_Matrix_FiltersCorrectly(Debug,Critical)" methodname="RouterCategoryFilter_Matrix_FiltersCorrectly" classname="IrsikSoftware.LogSmith.Tests.PerCategoryMinLevelMatrixTests" runstate="Runnable" seed="1279404268" result="Passed" start-time="2025-10-01 07:16:51Z" end-time="2025-10-01 07:16:51Z" duration="0.000101" asserts="0">
                  <properties>
                    <property name="retryIteration" value="0" />
                    <property name="repeatIteration" value="0" />
                  </properties>
                </test-case>
                <test-case id="1139" name="RouterCategoryFilter_Matrix_FiltersCorrectly(Info,Trace)" fullname="IrsikSoftware.LogSmith.Tests.PerCategoryMinLevelMatrixTests.RouterCategoryFilter_Matrix_FiltersCorrectly(Info,Trace)" methodname="RouterCategoryFilter_Matrix_FiltersCorrectly" classname="IrsikSoftware.LogSmith.Tests.PerCategoryMinLevelMatrixTests" runstate="Runnable" seed="1600383522" result="Passed" start-time="2025-10-01 07:16:51Z" end-time="2025-10-01 07:16:51Z" duration="0.000173" asserts="0">
                  <properties>
                    <property name="retryIteration" value="0" />
                    <property name="repeatIteration" value="0" />
                  </properties>
                </test-case>
                <test-case id="1140" name="RouterCategoryFilter_Matrix_FiltersCorrectly(Info,Debug)" fullname="IrsikSoftware.LogSmith.Tests.PerCategoryMinLevelMatrixTests.RouterCategoryFilter_Matrix_FiltersCorrectly(Info,Debug)" methodname="RouterCategoryFilter_Matrix_FiltersCorrectly" classname="IrsikSoftware.LogSmith.Tests.PerCategoryMinLevelMatrixTests" runstate="Runnable" seed="826960589" result="Passed" start-time="2025-10-01 07:16:51Z" end-time="2025-10-01 07:16:51Z" duration="0.000106" asserts="0">
                  <properties>
                    <property name="retryIteration" value="0" />
                    <property name="repeatIteration" value="0" />
                  </properties>
                </test-case>
                <test-case id="1141" name="RouterCategoryFilter_Matrix_FiltersCorrectly(Info,Info)" fullname="IrsikSoftware.LogSmith.Tests.PerCategoryMinLevelMatrixTests.RouterCategoryFilter_Matrix_FiltersCorrectly(Info,Info)" methodname="RouterCategoryFilter_Matrix_FiltersCorrectly" classname="IrsikSoftware.LogSmith.Tests.PerCategoryMinLevelMatrixTests" runstate="Runnable" seed="1560064934" result="Passed" start-time="2025-10-01 07:16:51Z" end-time="2025-10-01 07:16:51Z" duration="0.000088" asserts="0">
                  <properties>
                    <property name="retryIteration" value="0" />
                    <property name="repeatIteration" value="0" />
                  </properties>
                </test-case>
                <test-case id="1142" name="RouterCategoryFilter_Matrix_FiltersCorrectly(Info,Warn)" fullname="IrsikSoftware.LogSmith.Tests.PerCategoryMinLevelMatrixTests.RouterCategoryFilter_Matrix_FiltersCorrectly(Info,Warn)" methodname="RouterCategoryFilter_Matrix_FiltersCorrectly" classname="IrsikSoftware.LogSmith.Tests.PerCategoryMinLevelMatrixTests" runstate="Runnable" seed="771178352" result="Passed" start-time="2025-10-01 07:16:51Z" end-time="2025-10-01 07:16:51Z" duration="0.000096" asserts="0">
                  <properties>
                    <property name="retryIteration" value="0" />
                    <property name="repeatIteration" value="0" />
                  </properties>
                </test-case>
                <test-case id="1143" name="RouterCategoryFilter_Matrix_FiltersCorrectly(Info,Error)" fullname="IrsikSoftware.LogSmith.Tests.PerCategoryMinLevelMatrixTests.RouterCategoryFilter_Matrix_FiltersCorrectly(Info,Error)" methodname="RouterCategoryFilter_Matrix_FiltersCorrectly" classname="IrsikSoftware.LogSmith.Tests.PerCategoryMinLevelMatrixTests" runstate="Runnable" seed="507154141" result="Passed" start-time="2025-10-01 07:16:51Z" end-time="2025-10-01 07:16:51Z" duration="0.000097" asserts="0">
                  <properties>
                    <property name="retryIteration" value="0" />
                    <property name="repeatIteration" value="0" />
                  </properties>
                </test-case>
                <test-case id="1144" name="RouterCategoryFilter_Matrix_FiltersCorrectly(Info,Critical)" fullname="IrsikSoftware.LogSmith.Tests.PerCategoryMinLevelMatrixTests.RouterCategoryFilter_Matrix_FiltersCorrectly(Info,Critical)" methodname="RouterCategoryFilter_Matrix_FiltersCorrectly" classname="IrsikSoftware.LogSmith.Tests.PerCategoryMinLevelMatrixTests" runstate="Runnable" seed="1560217569" result="Passed" start-time="2025-10-01 07:16:51Z" end-time="2025-10-01 07:16:51Z" duration="0.000093" asserts="0">
                  <properties>
                    <property name="retryIteration" value="0" />
                    <property name="repeatIteration" value="0" />
                  </properties>
                </test-case>
                <test-case id="1145" name="RouterCategoryFilter_Matrix_FiltersCorrectly(Warn,Trace)" fullname="IrsikSoftware.LogSmith.Tests.PerCategoryMinLevelMatrixTests.RouterCategoryFilter_Matrix_FiltersCorrectly(Warn,Trace)" methodname="RouterCategoryFilter_Matrix_FiltersCorrectly" classname="IrsikSoftware.LogSmith.Tests.PerCategoryMinLevelMatrixTests" runstate="Runnable" seed="1481914270" result="Passed" start-time="2025-10-01 07:16:51Z" end-time="2025-10-01 07:16:51Z" duration="0.000086" asserts="0">
                  <properties>
                    <property name="retryIteration" value="0" />
                    <property name="repeatIteration" value="0" />
                  </properties>
                </test-case>
                <test-case id="1146" name="RouterCategoryFilter_Matrix_FiltersCorrectly(Warn,Debug)" fullname="IrsikSoftware.LogSmith.Tests.PerCategoryMinLevelMatrixTests.RouterCategoryFilter_Matrix_FiltersCorrectly(Warn,Debug)" methodname="RouterCategoryFilter_Matrix_FiltersCorrectly" classname="IrsikSoftware.LogSmith.Tests.PerCategoryMinLevelMatrixTests" runstate="Runnable" seed="1292961597" result="Passed" start-time="2025-10-01 07:16:51Z" end-time="2025-10-01 07:16:51Z" duration="0.000078" asserts="0">
                  <properties>
                    <property name="retryIteration" value="0" />
                    <property name="repeatIteration" value="0" />
                  </properties>
                </test-case>
                <test-case id="1147" name="RouterCategoryFilter_Matrix_FiltersCorrectly(Warn,Info)" fullname="IrsikSoftware.LogSmith.Tests.PerCategoryMinLevelMatrixTests.RouterCategoryFilter_Matrix_FiltersCorrectly(Warn,Info)" methodname="RouterCategoryFilter_Matrix_FiltersCorrectly" classname="IrsikSoftware.LogSmith.Tests.PerCategoryMinLevelMatrixTests" runstate="Runnable" seed="278728979" result="Passed" start-time="2025-10-01 07:16:51Z" end-time="2025-10-01 07:16:51Z" duration="0.000082" asserts="0">
                  <properties>
                    <property name="retryIteration" value="0" />
                    <property name="repeatIteration" value="0" />
                  </properties>
                </test-case>
                <test-case id="1148" name="RouterCategoryFilter_Matrix_FiltersCorrectly(Warn,Warn)" fullname="IrsikSoftware.LogSmith.Tests.PerCategoryMinLevelMatrixTests.RouterCategoryFilter_Matrix_FiltersCorrectly(Warn,Warn)" methodname="RouterCategoryFilter_Matrix_FiltersCorrectly" classname="IrsikSoftware.LogSmith.Tests.PerCategoryMinLevelMatrixTests" runstate="Runnable" seed="1182821015" result="Passed" start-time="2025-10-01 07:16:51Z" end-time="2025-10-01 07:16:51Z" duration="0.000087" asserts="0">
                  <properties>
                    <property name="retryIteration" value="0" />
                    <property name="repeatIteration" value="0" />
                  </properties>
                </test-case>
                <test-case id="1149" name="RouterCategoryFilter_Matrix_FiltersCorrectly(Warn,Error)" fullname="IrsikSoftware.LogSmith.Tests.PerCategoryMinLevelMatrixTests.RouterCategoryFilter_Matrix_FiltersCorrectly(Warn,Error)" methodname="RouterCategoryFilter_Matrix_FiltersCorrectly" classname="IrsikSoftware.LogSmith.Tests.PerCategoryMinLevelMatrixTests" runstate="Runnable" seed="1586702427" result="Passed" start-time="2025-10-01 07:16:51Z" end-time="2025-10-01 07:16:51Z" duration="0.000084" asserts="0">
                  <properties>
                    <property name="retryIteration" value="0" />
                    <property name="repeatIteration" value="0" />
                  </properties>
                </test-case>
                <test-case id="1150" name="RouterCategoryFilter_Matrix_FiltersCorrectly(Warn,Critical)" fullname="IrsikSoftware.LogSmith.Tests.PerCategoryMinLevelMatrixTests.RouterCategoryFilter_Matrix_FiltersCorrectly(Warn,Critical)" methodname="RouterCategoryFilter_Matrix_FiltersCorrectly" classname="IrsikSoftware.LogSmith.Tests.PerCategoryMinLevelMatrixTests" runstate="Runnable" seed="263576932" result="Passed" start-time="2025-10-01 07:16:51Z" end-time="2025-10-01 07:16:51Z" duration="0.000077" asserts="0">
                  <properties>
                    <property name="retryIteration" value="0" />
                    <property name="repeatIteration" value="0" />
                  </properties>
                </test-case>
                <test-case id="1151" name="RouterCategoryFilter_Matrix_FiltersCorrectly(Error,Trace)" fullname="IrsikSoftware.LogSmith.Tests.PerCategoryMinLevelMatrixTests.RouterCategoryFilter_Matrix_FiltersCorrectly(Error,Trace)" methodname="RouterCategoryFilter_Matrix_FiltersCorrectly" classname="IrsikSoftware.LogSmith.Tests.PerCategoryMinLevelMatrixTests" runstate="Runnable" seed="307681195" result="Passed" start-time="2025-10-01 07:16:51Z" end-time="2025-10-01 07:16:51Z" duration="0.000077" asserts="0">
                  <properties>
                    <property name="retryIteration" value="0" />
                    <property name="repeatIteration" value="0" />
                  </properties>
                </test-case>
                <test-case id="1152" name="RouterCategoryFilter_Matrix_FiltersCorrectly(Error,Debug)" fullname="IrsikSoftware.LogSmith.Tests.PerCategoryMinLevelMatrixTests.RouterCategoryFilter_Matrix_FiltersCorrectly(Error,Debug)" methodname="RouterCategoryFilter_Matrix_FiltersCorrectly" classname="IrsikSoftware.LogSmith.Tests.PerCategoryMinLevelMatrixTests" runstate="Runnable" seed="163597084" result="Passed" start-time="2025-10-01 07:16:51Z" end-time="2025-10-01 07:16:51Z" duration="0.000077" asserts="0">
                  <properties>
                    <property name="retryIteration" value="0" />
                    <property name="repeatIteration" value="0" />
                  </properties>
                </test-case>
                <test-case id="1153" name="RouterCategoryFilter_Matrix_FiltersCorrectly(Error,Info)" fullname="IrsikSoftware.LogSmith.Tests.PerCategoryMinLevelMatrixTests.RouterCategoryFilter_Matrix_FiltersCorrectly(Error,Info)" methodname="RouterCategoryFilter_Matrix_FiltersCorrectly" classname="IrsikSoftware.LogSmith.Tests.PerCategoryMinLevelMatrixTests" runstate="Runnable" seed="203539967" result="Passed" start-time="2025-10-01 07:16:51Z" end-time="2025-10-01 07:16:51Z" duration="0.000076" asserts="0">
                  <properties>
                    <property name="retryIteration" value="0" />
                    <property name="repeatIteration" value="0" />
                  </properties>
                </test-case>
                <test-case id="1154" name="RouterCategoryFilter_Matrix_FiltersCorrectly(Error,Warn)" fullname="IrsikSoftware.LogSmith.Tests.PerCategoryMinLevelMatrixTests.RouterCategoryFilter_Matrix_FiltersCorrectly(Error,Warn)" methodname="RouterCategoryFilter_Matrix_FiltersCorrectly" classname="IrsikSoftware.LogSmith.Tests.PerCategoryMinLevelMatrixTests" runstate="Runnable" seed="1808688577" result="Passed" start-time="2025-10-01 07:16:51Z" end-time="2025-10-01 07:16:51Z" duration="0.000079" asserts="0">
                  <properties>
                    <property name="retryIteration" value="0" />
                    <property name="repeatIteration" value="0" />
                  </properties>
                </test-case>
                <test-case id="1155" name="RouterCategoryFilter_Matrix_FiltersCorrectly(Error,Error)" fullname="IrsikSoftware.LogSmith.Tests.PerCategoryMinLevelMatrixTests.RouterCategoryFilter_Matrix_FiltersCorrectly(Error,Error)" methodname="RouterCategoryFilter_Matrix_FiltersCorrectly" classname="IrsikSoftware.LogSmith.Tests.PerCategoryMinLevelMatrixTests" runstate="Runnable" seed="842291378" result="Passed" start-time="2025-10-01 07:16:51Z" end-time="2025-10-01 07:16:51Z" duration="0.000077" asserts="0">
                  <properties>
                    <property name="retryIteration" value="0" />
                    <property name="repeatIteration" value="0" />
                  </properties>
                </test-case>
                <test-case id="1156" name="RouterCategoryFilter_Matrix_FiltersCorrectly(Error,Critical)" fullname="IrsikSoftware.LogSmith.Tests.PerCategoryMinLevelMatrixTests.RouterCategoryFilter_Matrix_FiltersCorrectly(Error,Critical)" methodname="RouterCategoryFilter_Matrix_FiltersCorrectly" classname="IrsikSoftware.LogSmith.Tests.PerCategoryMinLevelMatrixTests" runstate="Runnable" seed="489223010" result="Passed" start-time="2025-10-01 07:16:51Z" end-time="2025-10-01 07:16:51Z" duration="0.000077" asserts="0">
                  <properties>
                    <property name="retryIteration" value="0" />
                    <property name="repeatIteration" value="0" />
                  </properties>
                </test-case>
                <test-case id="1157" name="RouterCategoryFilter_Matrix_FiltersCorrectly(Critical,Trace)" fullname="IrsikSoftware.LogSmith.Tests.PerCategoryMinLevelMatrixTests.RouterCategoryFilter_Matrix_FiltersCorrectly(Critical,Trace)" methodname="RouterCategoryFilter_Matrix_FiltersCorrectly" classname="IrsikSoftware.LogSmith.Tests.PerCategoryMinLevelMatrixTests" runstate="Runnable" seed="1489313839" result="Passed" start-time="2025-10-01 07:16:51Z" end-time="2025-10-01 07:16:51Z" duration="0.000076" asserts="0">
                  <properties>
                    <property name="retryIteration" value="0" />
                    <property name="repeatIteration" value="0" />
                  </properties>
                </test-case>
                <test-case id="1158" name="RouterCategoryFilter_Matrix_FiltersCorrectly(Critical,Debug)" fullname="IrsikSoftware.LogSmith.Tests.PerCategoryMinLevelMatrixTests.RouterCategoryFilter_Matrix_FiltersCorrectly(Critical,Debug)" methodname="RouterCategoryFilter_Matrix_FiltersCorrectly" classname="IrsikSoftware.LogSmith.Tests.PerCategoryMinLevelMatrixTests" runstate="Runnable" seed="115207331" result="Passed" start-time="2025-10-01 07:16:51Z" end-time="2025-10-01 07:16:51Z" duration="0.000078" asserts="0">
                  <properties>
                    <property name="retryIteration" value="0" />
                    <property name="repeatIteration" value="0" />
                  </properties>
                </test-case>
                <test-case id="1159" name="RouterCategoryFilter_Matrix_FiltersCorrectly(Critical,Info)" fullname="IrsikSoftware.LogSmith.Tests.PerCategoryMinLevelMatrixTests.RouterCategoryFilter_Matrix_FiltersCorrectly(Critical,Info)" methodname="RouterCategoryFilter_Matrix_FiltersCorrectly" classname="IrsikSoftware.LogSmith.Tests.PerCategoryMinLevelMatrixTests" runstate="Runnable" seed="958326713" result="Passed" start-time="2025-10-01 07:16:51Z" end-time="2025-10-01 07:16:51Z" duration="0.000080" asserts="0">
                  <properties>
                    <property name="retryIteration" value="0" />
                    <property name="repeatIteration" value="0" />
                  </properties>
                </test-case>
                <test-case id="1160" name="RouterCategoryFilter_Matrix_FiltersCorrectly(Critical,Warn)" fullname="IrsikSoftware.LogSmith.Tests.PerCategoryMinLevelMatrixTests.RouterCategoryFilter_Matrix_FiltersCorrectly(Critical,Warn)" methodname="RouterCategoryFilter_Matrix_FiltersCorrectly" classname="IrsikSoftware.LogSmith.Tests.PerCategoryMinLevelMatrixTests" runstate="Runnable" seed="439134867" result="Passed" start-time="2025-10-01 07:16:51Z" end-time="2025-10-01 07:16:51Z" duration="0.000079" asserts="0">
                  <properties>
                    <property name="retryIteration" value="0" />
                    <property name="repeatIteration" value="0" />
                  </properties>
                </test-case>
                <test-case id="1161" name="RouterCategoryFilter_Matrix_FiltersCorrectly(Critical,Error)" fullname="IrsikSoftware.LogSmith.Tests.PerCategoryMinLevelMatrixTests.RouterCategoryFilter_Matrix_FiltersCorrectly(Critical,Error)" methodname="RouterCategoryFilter_Matrix_FiltersCorrectly" classname="IrsikSoftware.LogSmith.Tests.PerCategoryMinLevelMatrixTests" runstate="Runnable" seed="1278961828" result="Passed" start-time="2025-10-01 07:16:51Z" end-time="2025-10-01 07:16:51Z" duration="0.000085" asserts="0">
                  <properties>
                    <property name="retryIteration" value="0" />
                    <property name="repeatIteration" value="0" />
                  </properties>
                </test-case>
                <test-case id="1162" name="RouterCategoryFilter_Matrix_FiltersCorrectly(Critical,Critical)" fullname="IrsikSoftware.LogSmith.Tests.PerCategoryMinLevelMatrixTests.RouterCategoryFilter_Matrix_FiltersCorrectly(Critical,Critical)" methodname="RouterCategoryFilter_Matrix_FiltersCorrectly" classname="IrsikSoftware.LogSmith.Tests.PerCategoryMinLevelMatrixTests" runstate="Runnable" seed="30219792" result="Passed" start-time="2025-10-01 07:16:51Z" end-time="2025-10-01 07:16:51Z" duration="0.000083" asserts="0">
                  <properties>
                    <property name="retryIteration" value="0" />
                    <property name="repeatIteration" value="0" />
                  </properties>
                </test-case>
              </test-suite>
            </test-suite>
            <test-suite type="TestSuite" id="1245" name="Runtime" fullname="IrsikSoftware.LogSmith.Tests.Runtime" runstate="Runnable" testcasecount="49" result="Passed" start-time="2025-10-01 07:16:51Z" end-time="2025-10-01 07:16:52Z" duration="0.668788" total="49" passed="49" failed="0" inconclusive="0" skipped="0" asserts="0">
              <properties />
              <test-suite type="TestFixture" id="1189" name="BasicLoggingTests" fullname="IrsikSoftware.LogSmith.Tests.Runtime.BasicLoggingTests" classname="IrsikSoftware.LogSmith.Tests.Runtime.BasicLoggingTests" runstate="Runnable" testcasecount="19" result="Passed" start-time="2025-10-01 07:16:51Z" end-time="2025-10-01 07:16:52Z" duration="0.134949" total="19" passed="19" failed="0" inconclusive="0" skipped="0" asserts="0">
                <properties />
                <test-case id="1196" name="CategoryRegistry_CanRegisterAndUnregisterCategories" fullname="IrsikSoftware.LogSmith.Tests.Runtime.BasicLoggingTests.CategoryRegistry_CanRegisterAndUnregisterCategories" methodname="CategoryRegistry_CanRegisterAndUnregisterCategories" classname="IrsikSoftware.LogSmith.Tests.Runtime.BasicLoggingTests" runstate="Runnable" seed="1549193924" result="Passed" start-time="2025-10-01 07:16:51Z" end-time="2025-10-01 07:16:51Z" duration="0.000234" asserts="0">
                  <properties>
                    <property name="retryIteration" value="0" />
                    <property name="repeatIteration" value="0" />
                  </properties>
                </test-case>
                <test-case id="1197" name="CategoryRegistry_CanRenameCategory" fullname="IrsikSoftware.LogSmith.Tests.Runtime.BasicLoggingTests.CategoryRegistry_CanRenameCategory" methodname="CategoryRegistry_CanRenameCategory" classname="IrsikSoftware.LogSmith.Tests.Runtime.BasicLoggingTests" runstate="Runnable" seed="2073266130" result="Passed" start-time="2025-10-01 07:16:51Z" end-time="2025-10-01 07:16:51Z" duration="0.000159" asserts="0">
                  <properties>
                    <property name="retryIteration" value="0" />
                    <property name="repeatIteration" value="0" />
                  </properties>
                </test-case>
                <test-case id="1198" name="CategoryRegistry_CanSetAndGetMinimumLevel" fullname="IrsikSoftware.LogSmith.Tests.Runtime.BasicLoggingTests.CategoryRegistry_CanSetAndGetMinimumLevel" methodname="CategoryRegistry_CanSetAndGetMinimumLevel" classname="IrsikSoftware.LogSmith.Tests.Runtime.BasicLoggingTests" runstate="Runnable" seed="46356480" result="Passed" start-time="2025-10-01 07:16:51Z" end-time="2025-10-01 07:16:51Z" duration="0.000166" asserts="0">
                  <properties>
                    <property name="retryIteration" value="0" />
                    <property name="repeatIteration" value="0" />
                  </properties>
                </test-case>
                <test-case id="1199" name="CategoryRegistry_ReturnsAllCategories" fullname="IrsikSoftware.LogSmith.Tests.Runtime.BasicLoggingTests.CategoryRegistry_ReturnsAllCategories" methodname="CategoryRegistry_ReturnsAllCategories" classname="IrsikSoftware.LogSmith.Tests.Runtime.BasicLoggingTests" runstate="Runnable" seed="572938382" result="Passed" start-time="2025-10-01 07:16:51Z" end-time="2025-10-01 07:16:51Z" duration="0.000507" asserts="0">
                  <properties>
                    <property name="retryIteration" value="0" />
                    <property name="repeatIteration" value="0" />
                  </properties>
                </test-case>
                <test-case id="1201" name="FileSink_CanBeDisposed" fullname="IrsikSoftware.LogSmith.Tests.Runtime.BasicLoggingTests.FileSink_CanBeDisposed" methodname="FileSink_CanBeDisposed" classname="IrsikSoftware.LogSmith.Tests.Runtime.BasicLoggingTests" runstate="Runnable" seed="1725102339" result="Passed" start-time="2025-10-01 07:16:51Z" end-time="2025-10-01 07:16:51Z" duration="0.003439" asserts="0">
                  <properties>
                    <property name="retryIteration" value="0" />
                    <property name="repeatIteration" value="0" />
                  </properties>
                </test-case>
                <test-case id="1200" name="FileSink_CanWriteToFile" fullname="IrsikSoftware.LogSmith.Tests.Runtime.BasicLoggingTests.FileSink_CanWriteToFile" methodname="FileSink_CanWriteToFile" classname="IrsikSoftware.LogSmith.Tests.Runtime.BasicLoggingTests" runstate="Runnable" seed="1166149791" result="Passed" start-time="2025-10-01 07:16:51Z" end-time="2025-10-01 07:16:52Z" duration="0.015655" asserts="0">
                  <properties>
                    <property name="retryIteration" value="0" />
                    <property name="repeatIteration" value="0" />
                  </properties>
                </test-case>
                <test-case id="1203" name="LogConfigProvider_CanSubscribeToConfigChanges" fullname="IrsikSoftware.LogSmith.Tests.Runtime.BasicLoggingTests.LogConfigProvider_CanSubscribeToConfigChanges" methodname="LogConfigProvider_CanSubscribeToConfigChanges" classname="IrsikSoftware.LogSmith.Tests.Runtime.BasicLoggingTests" runstate="Runnable" seed="1294888588" result="Passed" start-time="2025-10-01 07:16:52Z" end-time="2025-10-01 07:16:52Z" duration="0.001681" asserts="0">
                  <properties>
                    <property name="retryIteration" value="0" />
                    <property name="repeatIteration" value="0" />
                  </properties>
                </test-case>
                <test-case id="1204" name="LogConfigProvider_NotifiesSubscribersOnReload" fullname="IrsikSoftware.LogSmith.Tests.Runtime.BasicLoggingTests.LogConfigProvider_NotifiesSubscribersOnReload" methodname="LogConfigProvider_NotifiesSubscribersOnReload" classname="IrsikSoftware.LogSmith.Tests.Runtime.BasicLoggingTests" runstate="Runnable" seed="677384078" result="Passed" start-time="2025-10-01 07:16:52Z" end-time="2025-10-01 07:16:52Z" duration="0.000733" asserts="0">
                  <properties>
                    <property name="retryIteration" value="0" />
                    <property name="repeatIteration" value="0" />
                  </properties>
                </test-case>
                <test-case id="1202" name="LogConfigProvider_ReturnsDefaultConfig" fullname="IrsikSoftware.LogSmith.Tests.Runtime.BasicLoggingTests.LogConfigProvider_ReturnsDefaultConfig" methodname="LogConfigProvider_ReturnsDefaultConfig" classname="IrsikSoftware.LogSmith.Tests.Runtime.BasicLoggingTests" runstate="Runnable" seed="1490967442" result="Passed" start-time="2025-10-01 07:16:52Z" end-time="2025-10-01 07:16:52Z" duration="0.000886" asserts="0">
                  <properties>
                    <property name="retryIteration" value="0" />
                    <property name="repeatIteration" value="0" />
                  </properties>
                </test-case>
                <test-case id="1192" name="Logger_CanCreateCategoryLogger" fullname="IrsikSoftware.LogSmith.Tests.Runtime.BasicLoggingTests.Logger_CanCreateCategoryLogger" methodname="Logger_CanCreateCategoryLogger" classname="IrsikSoftware.LogSmith.Tests.Runtime.BasicLoggingTests" runstate="Runnable" seed="1138721312" result="Passed" start-time="2025-10-01 07:16:52Z" end-time="2025-10-01 07:16:52Z" duration="0.011394" asserts="0">
                  <properties>
                    <property name="retryIteration" value="0" />
                    <property name="repeatIteration" value="0" />
                  </properties>
                  <output><![CDATA[[LogSmith] UnityLoggingBootstrap initialized - Console: True, File: False, Rotation: True, Format: Text
]]></output>
                </test-case>
                <test-case id="1191" name="Logger_CanLog_AllLevels" fullname="IrsikSoftware.LogSmith.Tests.Runtime.BasicLoggingTests.Logger_CanLog_AllLevels" methodname="Logger_CanLog_AllLevels" classname="IrsikSoftware.LogSmith.Tests.Runtime.BasicLoggingTests" runstate="Runnable" seed="842973824" result="Passed" start-time="2025-10-01 07:16:52Z" end-time="2025-10-01 07:16:52Z" duration="0.078893" asserts="0">
                  <properties>
                    <property name="retryIteration" value="0" />
                    <property name="repeatIteration" value="0" />
                  </properties>
                  <output><![CDATA[2025/10/01 07:16:52.036 | DEBUG | [Default] Debug message
2025/10/01 07:16:52.043 | INFO | [Default] Info message
2025/10/01 07:16:52.053 | WARNING | [Default] Warning message
2025/10/01 07:16:52.061 | ERROR | [Default] Error message
2025/10/01 07:16:52.067 | FATAL | [Default] Critical message
]]></output>
                </test-case>
                <test-case id="1193" name="Logger_WithCategory_CreatesNewLogger" fullname="IrsikSoftware.LogSmith.Tests.Runtime.BasicLoggingTests.Logger_WithCategory_CreatesNewLogger" methodname="Logger_WithCategory_CreatesNewLogger" classname="IrsikSoftware.LogSmith.Tests.Runtime.BasicLoggingTests" runstate="Runnable" seed="122388305" result="Passed" start-time="2025-10-01 07:16:52Z" end-time="2025-10-01 07:16:52Z" duration="0.001058" asserts="0">
                  <properties>
                    <property name="retryIteration" value="0" />
                    <property name="repeatIteration" value="0" />
                  </properties>
                </test-case>
                <test-case id="1190" name="LogSmith_Initializes_Successfully" fullname="IrsikSoftware.LogSmith.Tests.Runtime.BasicLoggingTests.LogSmith_Initializes_Successfully" methodname="LogSmith_Initializes_Successfully" classname="IrsikSoftware.LogSmith.Tests.Runtime.BasicLoggingTests" runstate="Runnable" seed="21359182" result="Passed" start-time="2025-10-01 07:16:52Z" end-time="2025-10-01 07:16:52Z" duration="0.000468" asserts="0">
                  <properties>
                    <property name="retryIteration" value="0" />
                    <property name="repeatIteration" value="0" />
                  </properties>
                </test-case>
                <test-case id="1207" name="MessageTemplateEngine_CanSetCategoryTemplate" fullname="IrsikSoftware.LogSmith.Tests.Runtime.BasicLoggingTests.MessageTemplateEngine_CanSetCategoryTemplate" methodname="MessageTemplateEngine_CanSetCategoryTemplate" classname="IrsikSoftware.LogSmith.Tests.Runtime.BasicLoggingTests" runstate="Runnable" seed="665954290" result="Passed" start-time="2025-10-01 07:16:52Z" end-time="2025-10-01 07:16:52Z" duration="0.000269" asserts="0">
                  <properties>
                    <property name="retryIteration" value="0" />
                    <property name="repeatIteration" value="0" />
                  </properties>
                </test-case>
                <test-case id="1208" name="MessageTemplateEngine_EscapesJsonSpecialCharacters" fullname="IrsikSoftware.LogSmith.Tests.Runtime.BasicLoggingTests.MessageTemplateEngine_EscapesJsonSpecialCharacters" methodname="MessageTemplateEngine_EscapesJsonSpecialCharacters" classname="IrsikSoftware.LogSmith.Tests.Runtime.BasicLoggingTests" runstate="Runnable" seed="859576480" result="Passed" start-time="2025-10-01 07:16:52Z" end-time="2025-10-01 07:16:52Z" duration="0.000655" asserts="0">
                  <properties>
                    <property name="retryIteration" value="0" />
                    <property name="repeatIteration" value="0" />
                  </properties>
                </test-case>
                <test-case id="1206" name="MessageTemplateEngine_FormatsJsonCorrectly" fullname="IrsikSoftware.LogSmith.Tests.Runtime.BasicLoggingTests.MessageTemplateEngine_FormatsJsonCorrectly" methodname="MessageTemplateEngine_FormatsJsonCorrectly" classname="IrsikSoftware.LogSmith.Tests.Runtime.BasicLoggingTests" runstate="Runnable" seed="2070284256" result="Passed" start-time="2025-10-01 07:16:52Z" end-time="2025-10-01 07:16:52Z" duration="0.000575" asserts="0">
                  <properties>
                    <property name="retryIteration" value="0" />
                    <property name="repeatIteration" value="0" />
                  </properties>
                </test-case>
                <test-case id="1205" name="MessageTemplateEngine_FormatsTextCorrectly" fullname="IrsikSoftware.LogSmith.Tests.Runtime.BasicLoggingTests.MessageTemplateEngine_FormatsTextCorrectly" methodname="MessageTemplateEngine_FormatsTextCorrectly" classname="IrsikSoftware.LogSmith.Tests.Runtime.BasicLoggingTests" runstate="Runnable" seed="516044991" result="Passed" start-time="2025-10-01 07:16:52Z" end-time="2025-10-01 07:16:52Z" duration="0.000583" asserts="0">
                  <properties>
                    <property name="retryIteration" value="0" />
                    <property name="repeatIteration" value="0" />
                  </properties>
                </test-case>
                <test-case id="1194" name="Router_CanRegisterAndUnregisterSinks" fullname="IrsikSoftware.LogSmith.Tests.Runtime.BasicLoggingTests.Router_CanRegisterAndUnregisterSinks" methodname="Router_CanRegisterAndUnregisterSinks" classname="IrsikSoftware.LogSmith.Tests.Runtime.BasicLoggingTests" runstate="Runnable" seed="2129644327" result="Passed" start-time="2025-10-01 07:16:52Z" end-time="2025-10-01 07:16:52Z" duration="0.000914" asserts="0">
                  <properties>
                    <property name="retryIteration" value="0" />
                    <property name="repeatIteration" value="0" />
                  </properties>
                </test-case>
                <test-case id="1195" name="Router_CanSubscribeToLogEvents" fullname="IrsikSoftware.LogSmith.Tests.Runtime.BasicLoggingTests.Router_CanSubscribeToLogEvents" methodname="Router_CanSubscribeToLogEvents" classname="IrsikSoftware.LogSmith.Tests.Runtime.BasicLoggingTests" runstate="Runnable" seed="117027702" result="Passed" start-time="2025-10-01 07:16:52Z" end-time="2025-10-01 07:16:52Z" duration="0.003170" asserts="0">
                  <properties>
                    <property name="retryIteration" value="0" />
                    <property name="repeatIteration" value="0" />
                  </properties>
                </test-case>
              </test-suite>
              <test-suite type="TestFixture" id="1209" name="ScriptableObjectConfigProviderTests" fullname="IrsikSoftware.LogSmith.Tests.Runtime.ScriptableObjectConfigProviderTests" classname="IrsikSoftware.LogSmith.Tests.Runtime.ScriptableObjectConfigProviderTests" runstate="Runnable" testcasecount="10" result="Passed" start-time="2025-10-01 07:16:52Z" end-time="2025-10-01 07:16:52Z" duration="0.033378" total="10" passed="10" failed="0" inconclusive="0" skipped="0" asserts="0">
                <properties />
                <test-case id="1217" name="Constructor_ThrowsOnNullSettings" fullname="IrsikSoftware.LogSmith.Tests.Runtime.ScriptableObjectConfigProviderTests.Constructor_ThrowsOnNullSettings" methodname="Constructor_ThrowsOnNullSettings" classname="IrsikSoftware.LogSmith.Tests.Runtime.ScriptableObjectConfigProviderTests" runstate="Runnable" seed="1543405975" result="Passed" start-time="2025-10-01 07:16:52Z" end-time="2025-10-01 07:16:52Z" duration="0.003337" asserts="0">
                  <properties>
                    <property name="retryIteration" value="0" />
                    <property name="repeatIteration" value="0" />
                  </properties>
                </test-case>
                <test-case id="1212" name="GetConfig_ConvertsCategoryMinLevelOverrides" fullname="IrsikSoftware.LogSmith.Tests.Runtime.ScriptableObjectConfigProviderTests.GetConfig_ConvertsCategoryMinLevelOverrides" methodname="GetConfig_ConvertsCategoryMinLevelOverrides" classname="IrsikSoftware.LogSmith.Tests.Runtime.ScriptableObjectConfigProviderTests" runstate="Runnable" seed="1603589075" result="Passed" start-time="2025-10-01 07:16:52Z" end-time="2025-10-01 07:16:52Z" duration="0.001456" asserts="0">
                  <properties>
                    <property name="retryIteration" value="0" />
                    <property name="repeatIteration" value="0" />
                  </properties>
                </test-case>
                <test-case id="1211" name="GetConfig_ConvertsScriptableObjectSettings" fullname="IrsikSoftware.LogSmith.Tests.Runtime.ScriptableObjectConfigProviderTests.GetConfig_ConvertsScriptableObjectSettings" methodname="GetConfig_ConvertsScriptableObjectSettings" classname="IrsikSoftware.LogSmith.Tests.Runtime.ScriptableObjectConfigProviderTests" runstate="Runnable" seed="1439964751" result="Passed" start-time="2025-10-01 07:16:52Z" end-time="2025-10-01 07:16:52Z" duration="0.001697" asserts="0">
                  <properties>
                    <property name="retryIteration" value="0" />
                    <property name="repeatIteration" value="0" />
                  </properties>
                </test-case>
                <test-case id="1213" name="GetConfig_IgnoresEmptyCategoryNames" fullname="IrsikSoftware.LogSmith.Tests.Runtime.ScriptableObjectConfigProviderTests.GetConfig_IgnoresEmptyCategoryNames" methodname="GetConfig_IgnoresEmptyCategoryNames" classname="IrsikSoftware.LogSmith.Tests.Runtime.ScriptableObjectConfigProviderTests" runstate="Runnable" seed="633011428" result="Passed" start-time="2025-10-01 07:16:52Z" end-time="2025-10-01 07:16:52Z" duration="0.001528" asserts="0">
                  <properties>
                    <property name="retryIteration" value="0" />
                    <property name="repeatIteration" value="0" />
                  </properties>
                </test-case>
                <test-case id="1210" name="GetConfig_ReturnsConfigWithDefaultSettings" fullname="IrsikSoftware.LogSmith.Tests.Runtime.ScriptableObjectConfigProviderTests.GetConfig_ReturnsConfigWithDefaultSettings" methodname="GetConfig_ReturnsConfigWithDefaultSettings" classname="IrsikSoftware.LogSmith.Tests.Runtime.ScriptableObjectConfigProviderTests" runstate="Runnable" seed="1502456668" result="Passed" start-time="2025-10-01 07:16:52Z" end-time="2025-10-01 07:16:52Z" duration="0.001323" asserts="0">
                  <properties>
                    <property name="retryIteration" value="0" />
                    <property name="repeatIteration" value="0" />
                  </properties>
                </test-case>
                <test-case id="1219" name="SettingsChanged_DoesNotTriggerWhenLiveReloadDisabled" fullname="IrsikSoftware.LogSmith.Tests.Runtime.ScriptableObjectConfigProviderTests.SettingsChanged_DoesNotTriggerWhenLiveReloadDisabled" methodname="SettingsChanged_DoesNotTriggerWhenLiveReloadDisabled" classname="IrsikSoftware.LogSmith.Tests.Runtime.ScriptableObjectConfigProviderTests" runstate="Runnable" seed="322673191" result="Passed" start-time="2025-10-01 07:16:52Z" end-time="2025-10-01 07:16:52Z" duration="0.001021" asserts="0">
                  <properties>
                    <property name="retryIteration" value="0" />
                    <property name="repeatIteration" value="0" />
                  </properties>
                </test-case>
                <test-case id="1218" name="SettingsChanged_TriggersReloadWhenLiveReloadEnabled" fullname="IrsikSoftware.LogSmith.Tests.Runtime.ScriptableObjectConfigProviderTests.SettingsChanged_TriggersReloadWhenLiveReloadEnabled" methodname="SettingsChanged_TriggersReloadWhenLiveReloadEnabled" classname="IrsikSoftware.LogSmith.Tests.Runtime.ScriptableObjectConfigProviderTests" runstate="Runnable" seed="266257408" result="Passed" start-time="2025-10-01 07:16:52Z" end-time="2025-10-01 07:16:52Z" duration="0.001330" asserts="0">
                  <properties>
                    <property name="retryIteration" value="0" />
                    <property name="repeatIteration" value="0" />
                  </properties>
                </test-case>
                <test-case id="1216" name="Subscribe_Dispose_StopsNotifications" fullname="IrsikSoftware.LogSmith.Tests.Runtime.ScriptableObjectConfigProviderTests.Subscribe_Dispose_StopsNotifications" methodname="Subscribe_Dispose_StopsNotifications" classname="IrsikSoftware.LogSmith.Tests.Runtime.ScriptableObjectConfigProviderTests" runstate="Runnable" seed="2126489429" result="Passed" start-time="2025-10-01 07:16:52Z" end-time="2025-10-01 07:16:52Z" duration="0.000800" asserts="0">
                  <properties>
                    <property name="retryIteration" value="0" />
                    <property name="repeatIteration" value="0" />
                  </properties>
                </test-case>
                <test-case id="1214" name="Subscribe_NotifiesImmediatelyWithCurrentConfig" fullname="IrsikSoftware.LogSmith.Tests.Runtime.ScriptableObjectConfigProviderTests.Subscribe_NotifiesImmediatelyWithCurrentConfig" methodname="Subscribe_NotifiesImmediatelyWithCurrentConfig" classname="IrsikSoftware.LogSmith.Tests.Runtime.ScriptableObjectConfigProviderTests" runstate="Runnable" seed="1131078228" result="Passed" start-time="2025-10-01 07:16:52Z" end-time="2025-10-01 07:16:52Z" duration="0.000888" asserts="0">
                  <properties>
                    <property name="retryIteration" value="0" />
                    <property name="repeatIteration" value="0" />
                  </properties>
                </test-case>
                <test-case id="1215" name="Subscribe_NotifiesOnReload" fullname="IrsikSoftware.LogSmith.Tests.Runtime.ScriptableObjectConfigProviderTests.Subscribe_NotifiesOnReload" methodname="Subscribe_NotifiesOnReload" classname="IrsikSoftware.LogSmith.Tests.Runtime.ScriptableObjectConfigProviderTests" runstate="Runnable" seed="2127992401" result="Passed" start-time="2025-10-01 07:16:52Z" end-time="2025-10-01 07:16:52Z" duration="0.002255" asserts="0">
                  <properties>
                    <property name="retryIteration" value="0" />
                    <property name="repeatIteration" value="0" />
                  </properties>
                </test-case>
              </test-suite>
              <test-suite type="TestFixture" id="1220" name="UnityLoggingBootstrapTests" fullname="IrsikSoftware.LogSmith.Tests.Runtime.UnityLoggingBootstrapTests" classname="IrsikSoftware.LogSmith.Tests.Runtime.UnityLoggingBootstrapTests" runstate="Runnable" testcasecount="20" result="Passed" start-time="2025-10-01 07:16:52Z" end-time="2025-10-01 07:16:52Z" duration="0.489212" total="20" passed="20" failed="0" inconclusive="0" skipped="0" asserts="0">
                <properties />
                <test-case id="1238" name="Bootstrap_AppliesPerCategoryMinLevels_FromSettings" fullname="IrsikSoftware.LogSmith.Tests.Runtime.UnityLoggingBootstrapTests.Bootstrap_AppliesPerCategoryMinLevels_FromSettings" methodname="Bootstrap_AppliesPerCategoryMinLevels_FromSettings" classname="IrsikSoftware.LogSmith.Tests.Runtime.UnityLoggingBootstrapTests" runstate="Runnable" seed="674828762" result="Passed" start-time="2025-10-01 07:16:52Z" end-time="2025-10-01 07:16:52Z" duration="0.020912" asserts="0">
                  <properties>
                    <property name="retryIteration" value="0" />
                    <property name="repeatIteration" value="0" />
                  </properties>
                  <output><![CDATA[[LogSmith] UnityLoggingBootstrap initialized - Console: True, File: False, Rotation: True, Format: Text
[LogSmith] UnityLoggingBootstrap disposed
]]></output>
                </test-case>
                <test-case id="1231" name="Bootstrap_DefaultFormat_IsText" fullname="IrsikSoftware.LogSmith.Tests.Runtime.UnityLoggingBootstrapTests.Bootstrap_DefaultFormat_IsText" methodname="Bootstrap_DefaultFormat_IsText" classname="IrsikSoftware.LogSmith.Tests.Runtime.UnityLoggingBootstrapTests" runstate="Runnable" seed="696964255" result="Passed" start-time="2025-10-01 07:16:52Z" end-time="2025-10-01 07:16:52Z" duration="0.019677" asserts="0">
                  <properties>
                    <property name="retryIteration" value="0" />
                    <property name="repeatIteration" value="0" />
                  </properties>
                  <output><![CDATA[[LogSmith] UnityLoggingBootstrap initialized - Console: False, File: True, Rotation: True, Format: Text
[LogSmith] UnityLoggingBootstrap disposed
]]></output>
                </test-case>
                <test-case id="1223" name="Bootstrap_DisablesConsoleSink_WhenConfigured" fullname="IrsikSoftware.LogSmith.Tests.Runtime.UnityLoggingBootstrapTests.Bootstrap_DisablesConsoleSink_WhenConfigured" methodname="Bootstrap_DisablesConsoleSink_WhenConfigured" classname="IrsikSoftware.LogSmith.Tests.Runtime.UnityLoggingBootstrapTests" runstate="Runnable" seed="1765283837" result="Passed" start-time="2025-10-01 07:16:52Z" end-time="2025-10-01 07:16:52Z" duration="0.004361" asserts="0">
                  <properties>
                    <property name="retryIteration" value="0" />
                    <property name="repeatIteration" value="0" />
                  </properties>
                  <output><![CDATA[[LogSmith] UnityLoggingBootstrap initialized - Console: False, File: False, Rotation: True, Format: Text
[LogSmith] UnityLoggingBootstrap disposed
]]></output>
                </test-case>
                <test-case id="1233" name="Bootstrap_Dispose_UnregistersSinks" fullname="IrsikSoftware.LogSmith.Tests.Runtime.UnityLoggingBootstrapTests.Bootstrap_Dispose_UnregistersSinks" methodname="Bootstrap_Dispose_UnregistersSinks" classname="IrsikSoftware.LogSmith.Tests.Runtime.UnityLoggingBootstrapTests" runstate="Runnable" seed="234951232" result="Passed" start-time="2025-10-01 07:16:52Z" end-time="2025-10-01 07:16:52Z" duration="0.019922" asserts="0">
                  <properties>
                    <property name="retryIteration" value="0" />
                    <property name="repeatIteration" value="0" />
                  </properties>
                  <output><![CDATA[[LogSmith] UnityLoggingBootstrap initialized - Console: True, File: True, Rotation: True, Format: Text
[LogSmith] UnityLoggingBootstrap disposed
]]></output>
                </test-case>
                <test-case id="1234" name="Bootstrap_DoubleDispose_DoesNotThrow" fullname="IrsikSoftware.LogSmith.Tests.Runtime.UnityLoggingBootstrapTests.Bootstrap_DoubleDispose_DoesNotThrow" methodname="Bootstrap_DoubleDispose_DoesNotThrow" classname="IrsikSoftware.LogSmith.Tests.Runtime.UnityLoggingBootstrapTests" runstate="Runnable" seed="196646938" result="Passed" start-time="2025-10-01 07:16:52Z" end-time="2025-10-01 07:16:52Z" duration="0.003977" asserts="0">
                  <properties>
                    <property name="retryIteration" value="0" />
                    <property name="repeatIteration" value="0" />
                  </properties>
                  <output><![CDATA[[LogSmith] UnityLoggingBootstrap initialized - Console: True, File: False, Rotation: True, Format: Text
[LogSmith] UnityLoggingBootstrap disposed
]]></output>
                </test-case>
                <test-case id="1222" name="Bootstrap_EnablesConsoleSink_WhenConfigured" fullname="IrsikSoftware.LogSmith.Tests.Runtime.UnityLoggingBootstrapTests.Bootstrap_EnablesConsoleSink_WhenConfigured" methodname="Bootstrap_EnablesConsoleSink_WhenConfigured" classname="IrsikSoftware.LogSmith.Tests.Runtime.UnityLoggingBootstrapTests" runstate="Runnable" seed="1067503807" result="Passed" start-time="2025-10-01 07:16:52Z" end-time="2025-10-01 07:16:52Z" duration="0.004138" asserts="0">
                  <properties>
                    <property name="retryIteration" value="0" />
                    <property name="repeatIteration" value="0" />
                  </properties>
                  <output><![CDATA[[LogSmith] UnityLoggingBootstrap initialized - Console: True, File: False, Rotation: True, Format: Text
[LogSmith] UnityLoggingBootstrap disposed
]]></output>
                </test-case>
                <test-case id="1224" name="Bootstrap_EnablesFileSink_WhenConfigured" fullname="IrsikSoftware.LogSmith.Tests.Runtime.UnityLoggingBootstrapTests.Bootstrap_EnablesFileSink_WhenConfigured" methodname="Bootstrap_EnablesFileSink_WhenConfigured" classname="IrsikSoftware.LogSmith.Tests.Runtime.UnityLoggingBootstrapTests" runstate="Runnable" seed="1537981959" result="Passed" start-time="2025-10-01 07:16:52Z" end-time="2025-10-01 07:16:52Z" duration="0.004415" asserts="0">
                  <properties>
                    <property name="retryIteration" value="0" />
                    <property name="repeatIteration" value="0" />
                  </properties>
                  <output><![CDATA[[LogSmith] UnityLoggingBootstrap initialized - Console: True, File: True, Rotation: True, Format: Text
[LogSmith] UnityLoggingBootstrap disposed
]]></output>
                </test-case>
                <test-case id="1232" name="Bootstrap_Flush_FlushesAllSinks" fullname="IrsikSoftware.LogSmith.Tests.Runtime.UnityLoggingBootstrapTests.Bootstrap_Flush_FlushesAllSinks" methodname="Bootstrap_Flush_FlushesAllSinks" classname="IrsikSoftware.LogSmith.Tests.Runtime.UnityLoggingBootstrapTests" runstate="Runnable" seed="599022789" result="Passed" start-time="2025-10-01 07:16:52Z" end-time="2025-10-01 07:16:52Z" duration="0.020333" asserts="0">
                  <properties>
                    <property name="retryIteration" value="0" />
                    <property name="repeatIteration" value="0" />
                  </properties>
                  <output><![CDATA[[LogSmith] UnityLoggingBootstrap initialized - Console: True, File: True, Rotation: True, Format: Text
[LogSmith] UnityLoggingBootstrap disposed
]]></output>
                </test-case>
                <test-case id="1240" name="Bootstrap_IgnoresEmptyOrNullCategoryNames_InOverrides" fullname="IrsikSoftware.LogSmith.Tests.Runtime.UnityLoggingBootstrapTests.Bootstrap_IgnoresEmptyOrNullCategoryNames_InOverrides" methodname="Bootstrap_IgnoresEmptyOrNullCategoryNames_InOverrides" classname="IrsikSoftware.LogSmith.Tests.Runtime.UnityLoggingBootstrapTests" runstate="Runnable" seed="1063648544" result="Passed" start-time="2025-10-01 07:16:52Z" end-time="2025-10-01 07:16:52Z" duration="0.006593" asserts="0">
                  <properties>
                    <property name="retryIteration" value="0" />
                    <property name="repeatIteration" value="0" />
                  </properties>
                  <output><![CDATA[[LogSmith] UnityLoggingBootstrap initialized - Console: True, File: False, Rotation: True, Format: Text
[LogSmith] UnityLoggingBootstrap disposed
]]></output>
                </test-case>
                <test-case id="1221" name="Bootstrap_InitializesWithDefaultSettings" fullname="IrsikSoftware.LogSmith.Tests.Runtime.UnityLoggingBootstrapTests.Bootstrap_InitializesWithDefaultSettings" methodname="Bootstrap_InitializesWithDefaultSettings" classname="IrsikSoftware.LogSmith.Tests.Runtime.UnityLoggingBootstrapTests" runstate="Runnable" seed="533943122" result="Passed" start-time="2025-10-01 07:16:52Z" end-time="2025-10-01 07:16:52Z" duration="0.003568" asserts="0">
                  <properties>
                    <property name="retryIteration" value="0" />
                    <property name="repeatIteration" value="0" />
                  </properties>
                  <output><![CDATA[[LogSmith] UnityLoggingBootstrap initialized - Console: True, File: False, Rotation: True, Format: Text
[LogSmith] UnityLoggingBootstrap disposed
]]></output>
                </test-case>
                <test-case id="1225" name="Bootstrap_RegistersSinks_WithRouter" fullname="IrsikSoftware.LogSmith.Tests.Runtime.UnityLoggingBootstrapTests.Bootstrap_RegistersSinks_WithRouter" methodname="Bootstrap_RegistersSinks_WithRouter" classname="IrsikSoftware.LogSmith.Tests.Runtime.UnityLoggingBootstrapTests" runstate="Runnable" seed="925322056" result="Passed" start-time="2025-10-01 07:16:52Z" end-time="2025-10-01 07:16:52Z" duration="0.023315" asserts="0">
                  <properties>
                    <property name="retryIteration" value="0" />
                    <property name="repeatIteration" value="0" />
                  </properties>
                  <output><![CDATA[[LogSmith] UnityLoggingBootstrap initialized - Console: True, File: True, Rotation: True, Format: Text
[LogSmith] UnityLoggingBootstrap disposed
]]></output>
                </test-case>
                <test-case id="1229" name="Bootstrap_ReloadSettings_UpdatesMinimumLevel" fullname="IrsikSoftware.LogSmith.Tests.Runtime.UnityLoggingBootstrapTests.Bootstrap_ReloadSettings_UpdatesMinimumLevel" methodname="Bootstrap_ReloadSettings_UpdatesMinimumLevel" classname="IrsikSoftware.LogSmith.Tests.Runtime.UnityLoggingBootstrapTests" runstate="Runnable" seed="633937219" result="Passed" start-time="2025-10-01 07:16:52Z" end-time="2025-10-01 07:16:52Z" duration="0.008795" asserts="0">
                  <properties>
                    <property name="retryIteration" value="0" />
                    <property name="repeatIteration" value="0" />
                  </properties>
                  <output><![CDATA[[LogSmith] UnityLoggingBootstrap initialized - Console: True, File: False, Rotation: True, Format: Text
[LogSmith] Reloading logging settings...
[LogSmith] Settings reloaded - MinLevel: Error, Format: Text
[LogSmith] UnityLoggingBootstrap disposed
]]></output>
                </test-case>
                <test-case id="1239" name="Bootstrap_ReloadSettings_UpdatesPerCategoryMinLevels" fullname="IrsikSoftware.LogSmith.Tests.Runtime.UnityLoggingBootstrapTests.Bootstrap_ReloadSettings_UpdatesPerCategoryMinLevels" methodname="Bootstrap_ReloadSettings_UpdatesPerCategoryMinLevels" classname="IrsikSoftware.LogSmith.Tests.Runtime.UnityLoggingBootstrapTests" runstate="Runnable" seed="574120232" result="Passed" start-time="2025-10-01 07:16:52Z" end-time="2025-10-01 07:16:52Z" duration="0.010901" asserts="0">
                  <properties>
                    <property name="retryIteration" value="0" />
                    <property name="repeatIteration" value="0" />
                  </properties>
                  <output><![CDATA[[LogSmith] UnityLoggingBootstrap initialized - Console: True, File: False, Rotation: True, Format: Text
[LogSmith] Reloading logging settings...
[LogSmith] Settings reloaded - MinLevel: Trace, Format: Text
[LogSmith] UnityLoggingBootstrap disposed
]]></output>
                </test-case>
                <test-case id="1226" name="Bootstrap_SetsGlobalMinimumLevel" fullname="IrsikSoftware.LogSmith.Tests.Runtime.UnityLoggingBootstrapTests.Bootstrap_SetsGlobalMinimumLevel" methodname="Bootstrap_SetsGlobalMinimumLevel" classname="IrsikSoftware.LogSmith.Tests.Runtime.UnityLoggingBootstrapTests" runstate="Runnable" seed="195846078" result="Passed" start-time="2025-10-01 07:16:52Z" end-time="2025-10-01 07:16:52Z" duration="0.006795" asserts="0">
                  <properties>
                    <property name="retryIteration" value="0" />
                    <property name="repeatIteration" value="0" />
                  </properties>
                  <output><![CDATA[[LogSmith] UnityLoggingBootstrap initialized - Console: True, File: False, Rotation: True, Format: Text
[LogSmith] UnityLoggingBootstrap disposed
]]></output>
                </test-case>
                <test-case id="1230" name="Bootstrap_SwitchFormat_ChangesFileSinkFormat" fullname="IrsikSoftware.LogSmith.Tests.Runtime.UnityLoggingBootstrapTests.Bootstrap_SwitchFormat_ChangesFileSinkFormat" methodname="Bootstrap_SwitchFormat_ChangesFileSinkFormat" classname="IrsikSoftware.LogSmith.Tests.Runtime.UnityLoggingBootstrapTests" runstate="Runnable" seed="1864985848" result="Passed" start-time="2025-10-01 07:16:52Z" end-time="2025-10-01 07:16:52Z" duration="0.036751" asserts="0">
                  <properties>
                    <property name="retryIteration" value="0" />
                    <property name="repeatIteration" value="0" />
                  </properties>
                  <output><![CDATA[[LogSmith] UnityLoggingBootstrap initialized - Console: False, File: True, Rotation: True, Format: Text
[LogSmith] File sink format switched to: Json
[LogSmith] UnityLoggingBootstrap disposed
]]></output>
                </test-case>
                <test-case id="1235" name="Bootstrap_WithRelativePath_UsesApplicationDataPath" fullname="IrsikSoftware.LogSmith.Tests.Runtime.UnityLoggingBootstrapTests.Bootstrap_WithRelativePath_UsesApplicationDataPath" methodname="Bootstrap_WithRelativePath_UsesApplicationDataPath" classname="IrsikSoftware.LogSmith.Tests.Runtime.UnityLoggingBootstrapTests" runstate="Runnable" seed="1099145881" result="Passed" start-time="2025-10-01 07:16:52Z" end-time="2025-10-01 07:16:52Z" duration="0.046430" asserts="0">
                  <properties>
                    <property name="retryIteration" value="0" />
                    <property name="repeatIteration" value="0" />
                  </properties>
                  <output><![CDATA[[LogSmith] UnityLoggingBootstrap initialized - Console: True, File: True, Rotation: True, Format: Text
[LogSmith] UnityLoggingBootstrap disposed
]]></output>
                </test-case>
                <test-case id="1228" name="FileSink_RespectsRetentionCount" fullname="IrsikSoftware.LogSmith.Tests.Runtime.UnityLoggingBootstrapTests.FileSink_RespectsRetentionCount" methodname="FileSink_RespectsRetentionCount" classname="IrsikSoftware.LogSmith.Tests.Runtime.UnityLoggingBootstrapTests" runstate="Runnable" seed="871481611" result="Passed" start-time="2025-10-01 07:16:52Z" end-time="2025-10-01 07:16:52Z" duration="0.048646" asserts="0">
                  <properties>
                    <property name="retryIteration" value="0" />
                    <property name="repeatIteration" value="0" />
                  </properties>
                </test-case>
                <test-case id="1227" name="FileSink_RotatesLog_WhenSizeExceeds" fullname="IrsikSoftware.LogSmith.Tests.Runtime.UnityLoggingBootstrapTests.FileSink_RotatesLog_WhenSizeExceeds" methodname="FileSink_RotatesLog_WhenSizeExceeds" classname="IrsikSoftware.LogSmith.Tests.Runtime.UnityLoggingBootstrapTests" runstate="Runnable" seed="1561714632" result="Passed" start-time="2025-10-01 07:16:52Z" end-time="2025-10-01 07:16:52Z" duration="0.141873" asserts="0">
                  <properties>
                    <property name="retryIteration" value="0" />
                    <property name="repeatIteration" value="0" />
                  </properties>
                  <output><![CDATA[[LogSmith] UnityLoggingBootstrap initialized - Console: False, File: True, Rotation: True, Format: Text
[LogSmith] UnityLoggingBootstrap disposed
]]></output>
                </test-case>
                <test-case id="1236" name="LogSmith_ReloadSettings_CallsBootstrapReload" fullname="IrsikSoftware.LogSmith.Tests.Runtime.UnityLoggingBootstrapTests.LogSmith_ReloadSettings_CallsBootstrapReload" methodname="LogSmith_ReloadSettings_CallsBootstrapReload" classname="IrsikSoftware.LogSmith.Tests.Runtime.UnityLoggingBootstrapTests" runstate="Runnable" seed="542260474" result="Passed" start-time="2025-10-01 07:16:52Z" end-time="2025-10-01 07:16:52Z" duration="0.004354" asserts="0">
                  <properties>
                    <property name="retryIteration" value="0" />
                    <property name="repeatIteration" value="0" />
                  </properties>
                  <output><![CDATA[[LogSmith] Reloading logging settings...
[LogSmith] Settings reloaded - MinLevel: Debug, Format: Text
]]></output>
                </test-case>
                <test-case id="1237" name="LogSmith_SwitchFormat_CallsBootstrapSwitchFormat" fullname="IrsikSoftware.LogSmith.Tests.Runtime.UnityLoggingBootstrapTests.LogSmith_SwitchFormat_CallsBootstrapSwitchFormat" methodname="LogSmith_SwitchFormat_CallsBootstrapSwitchFormat" classname="IrsikSoftware.LogSmith.Tests.Runtime.UnityLoggingBootstrapTests" runstate="Runnable" seed="1707279428" result="Passed" start-time="2025-10-01 07:16:52Z" end-time="2025-10-01 07:16:52Z" duration="0.003777" asserts="0">
                  <properties>
                    <property name="retryIteration" value="0" />
                    <property name="repeatIteration" value="0" />
                  </properties>
                  <output><![CDATA[[LogSmith] Cannot switch format: File sink is not enabled
[LogSmith] Cannot switch format: File sink is not enabled
]]></output>
                </test-case>
              </test-suite>
            </test-suite>
            <test-suite type="TestFixture" id="1187" name="TestPlaceholder" fullname="IrsikSoftware.LogSmith.Tests.TestPlaceholder" classname="IrsikSoftware.LogSmith.Tests.TestPlaceholder" runstate="Runnable" testcasecount="1" result="Passed" start-time="2025-10-01 07:16:52Z" end-time="2025-10-01 07:16:52Z" duration="0.005362" total="1" passed="1" failed="0" inconclusive="0" skipped="0" asserts="0">
              <properties />
              <test-case id="1188" name="PlaceholderTest_ShouldPass" fullname="IrsikSoftware.LogSmith.Tests.TestPlaceholder.PlaceholderTest_ShouldPass" methodname="PlaceholderTest_ShouldPass" classname="IrsikSoftware.LogSmith.Tests.TestPlaceholder" runstate="Runnable" seed="1237901207" result="Passed" start-time="2025-10-01 07:16:52Z" end-time="2025-10-01 07:16:52Z" duration="0.001721" asserts="0">
                <properties>
                  <property name="retryIteration" value="0" />
                  <property name="repeatIteration" value="0" />
                </properties>
                <reason>
                  <message><![CDATA[Placeholder test]]></message>
                </reason>
              </test-case>
            </test-suite>
            <test-suite type="TestFixture" id="1175" name="VContainerIntegrationTests" fullname="IrsikSoftware.LogSmith.Tests.VContainerIntegrationTests" classname="IrsikSoftware.LogSmith.Tests.VContainerIntegrationTests" runstate="Runnable" testcasecount="11" result="Passed" start-time="2025-10-01 07:16:52Z" end-time="2025-10-01 07:16:52Z" duration="0.106136" total="11" passed="11" failed="0" inconclusive="0" skipped="0" asserts="0">
              <properties />
              <test-case id="1178" name="ContainerBuilderExtensions_AddLogSmithLogging_RegistersServices" fullname="IrsikSoftware.LogSmith.Tests.VContainerIntegrationTests.ContainerBuilderExtensions_AddLogSmithLogging_RegistersServices" methodname="ContainerBuilderExtensions_AddLogSmithLogging_RegistersServices" classname="IrsikSoftware.LogSmith.Tests.VContainerIntegrationTests" runstate="Runnable" seed="400002275" result="Passed" start-time="2025-10-01 07:16:52Z" end-time="2025-10-01 07:16:52Z" duration="0.024951" asserts="0">
                <properties>
                  <property name="retryIteration" value="0" />
                  <property name="repeatIteration" value="0" />
                </properties>
                <output><![CDATA[[LogSmith] UnityLoggingBootstrap initialized - Console: True, File: False, Rotation: True, Format: Text
]]></output>
              </test-case>
              <test-case id="1179" name="ContainerBuilderExtensions_AddLogSmithLogging_WithNullSettings_UsesDefaults" fullname="IrsikSoftware.LogSmith.Tests.VContainerIntegrationTests.ContainerBuilderExtensions_AddLogSmithLogging_WithNullSettings_UsesDefaults" methodname="ContainerBuilderExtensions_AddLogSmithLogging_WithNullSettings_UsesDefaults" classname="IrsikSoftware.LogSmith.Tests.VContainerIntegrationTests" runstate="Runnable" seed="1083722486" result="Passed" start-time="2025-10-01 07:16:52Z" end-time="2025-10-01 07:16:52Z" duration="0.003233" asserts="0">
                <properties>
                  <property name="retryIteration" value="0" />
                  <property name="repeatIteration" value="0" />
                </properties>
                <output><![CDATA[[LogSmith] UnityLoggingBootstrap initialized - Console: True, File: False, Rotation: True, Format: Text
]]></output>
              </test-case>
              <test-case id="1176" name="ExtensionMethod_RegistersAllServices" fullname="IrsikSoftware.LogSmith.Tests.VContainerIntegrationTests.ExtensionMethod_RegistersAllServices" methodname="ExtensionMethod_RegistersAllServices" classname="IrsikSoftware.LogSmith.Tests.VContainerIntegrationTests" runstate="Runnable" seed="52066548" result="Passed" start-time="2025-10-01 07:16:52Z" end-time="2025-10-01 07:16:52Z" duration="0.003426" asserts="0">
                <properties>
                  <property name="retryIteration" value="0" />
                  <property name="repeatIteration" value="0" />
                </properties>
                <output><![CDATA[[LogSmith] UnityLoggingBootstrap initialized - Console: True, File: False, Rotation: True, Format: Text
]]></output>
              </test-case>
              <test-case id="1177" name="ExtensionMethod_WithConsoleSinkEnabled_RegistersConsoleSink" fullname="IrsikSoftware.LogSmith.Tests.VContainerIntegrationTests.ExtensionMethod_WithConsoleSinkEnabled_RegistersConsoleSink" methodname="ExtensionMethod_WithConsoleSinkEnabled_RegistersConsoleSink" classname="IrsikSoftware.LogSmith.Tests.VContainerIntegrationTests" runstate="Runnable" seed="977502025" result="Passed" start-time="2025-10-01 07:16:52Z" end-time="2025-10-01 07:16:52Z" duration="0.003036" asserts="0">
                <properties>
                  <property name="retryIteration" value="0" />
                  <property name="repeatIteration" value="0" />
                </properties>
                <output><![CDATA[[LogSmith] UnityLoggingBootstrap initialized - Console: True, File: False, Rotation: True, Format: Text
]]></output>
              </test-case>
              <test-case id="1181" name="LoggingLifetimeScope_CanLogMessages" fullname="IrsikSoftware.LogSmith.Tests.VContainerIntegrationTests.LoggingLifetimeScope_CanLogMessages" methodname="LoggingLifetimeScope_CanLogMessages" classname="IrsikSoftware.LogSmith.Tests.VContainerIntegrationTests" runstate="Runnable" seed="1643031725" result="Passed" start-time="2025-10-01 07:16:52Z" end-time="2025-10-01 07:16:52Z" duration="0.026411" asserts="0">
                <properties>
                  <property name="retryIteration" value="0" />
                  <property name="repeatIteration" value="0" />
                </properties>
              </test-case>
              <test-case id="1180" name="LoggingLifetimeScope_ConfiguresContainer" fullname="IrsikSoftware.LogSmith.Tests.VContainerIntegrationTests.LoggingLifetimeScope_ConfiguresContainer" methodname="LoggingLifetimeScope_ConfiguresContainer" classname="IrsikSoftware.LogSmith.Tests.VContainerIntegrationTests" runstate="Runnable" seed="1955623924" result="Passed" start-time="2025-10-01 07:16:52Z" end-time="2025-10-01 07:16:52Z" duration="0.005225" asserts="0">
                <properties>
                  <property name="retryIteration" value="0" />
                  <property name="repeatIteration" value="0" />
                </properties>
              </test-case>
              <test-case id="1184" name="LogSmith_CreateLogger_WorksInBothModes" fullname="IrsikSoftware.LogSmith.Tests.VContainerIntegrationTests.LogSmith_CreateLogger_WorksInBothModes" methodname="LogSmith_CreateLogger_WorksInBothModes" classname="IrsikSoftware.LogSmith.Tests.VContainerIntegrationTests" runstate="Runnable" seed="1099757651" result="Passed" start-time="2025-10-01 07:16:52Z" end-time="2025-10-01 07:16:52Z" duration="0.003629" asserts="0">
                <properties>
                  <property name="retryIteration" value="0" />
                  <property name="repeatIteration" value="0" />
                </properties>
                <output><![CDATA[[LogSmith] UnityLoggingBootstrap initialized - Console: True, File: False, Rotation: True, Format: Text
]]></output>
              </test-case>
              <test-case id="1185" name="LogSmith_Resolve_WorksOnlyWithVContainer" fullname="IrsikSoftware.LogSmith.Tests.VContainerIntegrationTests.LogSmith_Resolve_WorksOnlyWithVContainer" methodname="LogSmith_Resolve_WorksOnlyWithVContainer" classname="IrsikSoftware.LogSmith.Tests.VContainerIntegrationTests" runstate="Runnable" seed="2054595935" result="Passed" start-time="2025-10-01 07:16:52Z" end-time="2025-10-01 07:16:52Z" duration="0.003869" asserts="0">
                <properties>
                  <property name="retryIteration" value="0" />
                  <property name="repeatIteration" value="0" />
                </properties>
                <output><![CDATA[[LogSmith] UnityLoggingBootstrap initialized - Console: True, File: False, Rotation: True, Format: Text
]]></output>
              </test-case>
              <test-case id="1183" name="LogSmith_WithoutVContainerScope_UsesStaticFallback" fullname="IrsikSoftware.LogSmith.Tests.VContainerIntegrationTests.LogSmith_WithoutVContainerScope_UsesStaticFallback" methodname="LogSmith_WithoutVContainerScope_UsesStaticFallback" classname="IrsikSoftware.LogSmith.Tests.VContainerIntegrationTests" runstate="Runnable" seed="1159836180" result="Passed" start-time="2025-10-01 07:16:52Z" end-time="2025-10-01 07:16:52Z" duration="0.002551" asserts="0">
                <properties>
                  <property name="retryIteration" value="0" />
                  <property name="repeatIteration" value="0" />
                </properties>
                <output><![CDATA[[LogSmith] UnityLoggingBootstrap initialized - Console: True, File: False, Rotation: True, Format: Text
]]></output>
              </test-case>
              <test-case id="1182" name="LogSmith_WithVContainerScope_UsesVContainer" fullname="IrsikSoftware.LogSmith.Tests.VContainerIntegrationTests.LogSmith_WithVContainerScope_UsesVContainer" methodname="LogSmith_WithVContainerScope_UsesVContainer" classname="IrsikSoftware.LogSmith.Tests.VContainerIntegrationTests" runstate="Runnable" seed="224334375" result="Passed" start-time="2025-10-01 07:16:52Z" end-time="2025-10-01 07:16:52Z" duration="0.003318" asserts="0">
                <properties>
                  <property name="retryIteration" value="0" />
                  <property name="repeatIteration" value="0" />
                </properties>
              </test-case>
              <test-case id="1186" name="ResolvedLogger_ProducesSameOutputAcrossModes" fullname="IrsikSoftware.LogSmith.Tests.VContainerIntegrationTests.ResolvedLogger_ProducesSameOutputAcrossModes" methodname="ResolvedLogger_ProducesSameOutputAcrossModes" classname="IrsikSoftware.LogSmith.Tests.VContainerIntegrationTests" runstate="Runnable" seed="1746801124" result="Passed" start-time="2025-10-01 07:16:52Z" end-time="2025-10-01 07:16:52Z" duration="0.011029" asserts="0">
                <properties>
                  <property name="retryIteration" value="0" />
                  <property name="repeatIteration" value="0" />
                </properties>
                <output><![CDATA[[LogSmith] UnityLoggingBootstrap initialized - Console: True, File: False, Rotation: True, Format: Text
Saving results to: C:/Users/Ender/AppData/LocalLow/DefaultCompany/LogSmith\TestResults.xml
]]></output>
              </test-case>
            </test-suite>
          </test-suite>
        </test-suite>
      </test-suite>
    </test-suite>
  </test-suite>
</test-run>